Component: ARM Compiler 5.05 update 1 (build 106) Tool: armlink [4d0efa]

==============================================================================

Section Cross References

    startup_stm32f103xb.o(RESET) refers to startup_stm32f103xb.o(STACK) for __initial_sp
    startup_stm32f103xb.o(RESET) refers to startup_stm32f103xb.o(.text) for Reset_Handler
    startup_stm32f103xb.o(RESET) refers to stm32f1xx_it.o(i.NMI_Handler) for NMI_Handler
    startup_stm32f103xb.o(RESET) refers to stm32f1xx_it.o(i.HardFault_Handler) for HardFault_Handler
    startup_stm32f103xb.o(RESET) refers to stm32f1xx_it.o(i.MemManage_Handler) for MemManage_Handler
    startup_stm32f103xb.o(RESET) refers to stm32f1xx_it.o(i.BusFault_Handler) for BusFault_Handler
    startup_stm32f103xb.o(RESET) refers to stm32f1xx_it.o(i.UsageFault_Handler) for UsageFault_Handler
    startup_stm32f103xb.o(RESET) refers to stm32f1xx_it.o(i.SVC_Handler) for SVC_Handler
    startup_stm32f103xb.o(RESET) refers to stm32f1xx_it.o(i.DebugMon_Handler) for DebugMon_Handler
    startup_stm32f103xb.o(RESET) refers to stm32f1xx_it.o(i.PendSV_Handler) for PendSV_Handler
    startup_stm32f103xb.o(RESET) refers to stm32f1xx_it.o(i.SysTick_Handler) for SysTick_Handler
    startup_stm32f103xb.o(RESET) refers to stm32f1xx_it.o(i.I2C1_EV_IRQHandler) for I2C1_EV_IRQHandler
    startup_stm32f103xb.o(RESET) refers to stm32f1xx_it.o(i.I2C1_ER_IRQHandler) for I2C1_ER_IRQHandler
    startup_stm32f103xb.o(.text) refers to system_stm32f1xx.o(i.SystemInit) for SystemInit
    startup_stm32f103xb.o(.text) refers to entry.o(.ARM.Collect$$$$00000000) for __main
    main.o(i.SystemClock_Config) refers to memseta.o(.text) for __aeabi_memclr4
    main.o(i.SystemClock_Config) refers to stm32f1xx_hal_rcc.o(i.HAL_RCC_OscConfig) for HAL_RCC_OscConfig
    main.o(i.SystemClock_Config) refers to main.o(i.Error_Handler) for Error_Handler
    main.o(i.SystemClock_Config) refers to stm32f1xx_hal_rcc.o(i.HAL_RCC_ClockConfig) for HAL_RCC_ClockConfig
    main.o(i.SystemClock_Config) refers to stm32f1xx_hal_rcc_ex.o(i.HAL_RCCEx_PeriphCLKConfig) for HAL_RCCEx_PeriphCLKConfig
    main.o(i.SystemClock_Config) refers to stm32f1xx_hal_rcc.o(i.HAL_RCC_EnableCSS) for HAL_RCC_EnableCSS
    main.o(i.main) refers to stm32f1xx_hal.o(i.HAL_Init) for HAL_Init
    main.o(i.main) refers to main.o(i.SystemClock_Config) for SystemClock_Config
    main.o(i.main) refers to gpio.o(i.MX_GPIO_Init) for MX_GPIO_Init
    main.o(i.main) refers to dma.o(i.MX_DMA_Init) for MX_DMA_Init
    main.o(i.main) refers to i2c.o(i.MX_I2C1_Init) for MX_I2C1_Init
    main.o(i.main) refers to usart.o(i.MX_USART1_UART_Init) for MX_USART1_UART_Init
    main.o(i.main) refers to adc.o(i.MX_ADC1_Init) for MX_ADC1_Init
    main.o(i.main) refers to tim.o(i.MX_TIM1_Init) for MX_TIM1_Init
    main.o(i.main) refers to control.o(i.setup) for setup
    main.o(i.main) refers to control.o(i.loop) for loop
    gpio.o(i.MX_GPIO_Init) refers to stm32f1xx_hal_gpio.o(i.HAL_GPIO_WritePin) for HAL_GPIO_WritePin
    gpio.o(i.MX_GPIO_Init) refers to stm32f1xx_hal_gpio.o(i.HAL_GPIO_Init) for HAL_GPIO_Init
    adc.o(i.HAL_ADC_MspDeInit) refers to stm32f1xx_hal_gpio.o(i.HAL_GPIO_DeInit) for HAL_GPIO_DeInit
    adc.o(i.HAL_ADC_MspDeInit) refers to stm32f1xx_hal_dma.o(i.HAL_DMA_DeInit) for HAL_DMA_DeInit
    adc.o(i.HAL_ADC_MspInit) refers to stm32f1xx_hal_gpio.o(i.HAL_GPIO_Init) for HAL_GPIO_Init
    adc.o(i.HAL_ADC_MspInit) refers to stm32f1xx_hal_dma.o(i.HAL_DMA_Init) for HAL_DMA_Init
    adc.o(i.HAL_ADC_MspInit) refers to main.o(i.Error_Handler) for Error_Handler
    adc.o(i.HAL_ADC_MspInit) refers to adc.o(.bss) for .bss
    adc.o(i.MX_ADC1_Init) refers to stm32f1xx_hal_adc.o(i.HAL_ADC_Init) for HAL_ADC_Init
    adc.o(i.MX_ADC1_Init) refers to main.o(i.Error_Handler) for Error_Handler
    adc.o(i.MX_ADC1_Init) refers to stm32f1xx_hal_adc.o(i.HAL_ADC_ConfigChannel) for HAL_ADC_ConfigChannel
    adc.o(i.MX_ADC1_Init) refers to adc.o(.bss) for .bss
    i2c.o(i.HAL_I2C_MspDeInit) refers to stm32f1xx_hal_gpio.o(i.HAL_GPIO_DeInit) for HAL_GPIO_DeInit
    i2c.o(i.HAL_I2C_MspDeInit) refers to stm32f1xx_hal_cortex.o(i.HAL_NVIC_DisableIRQ) for HAL_NVIC_DisableIRQ
    i2c.o(i.HAL_I2C_MspInit) refers to stm32f1xx_hal_gpio.o(i.HAL_GPIO_Init) for HAL_GPIO_Init
    i2c.o(i.HAL_I2C_MspInit) refers to stm32f1xx_hal_cortex.o(i.HAL_NVIC_SetPriority) for HAL_NVIC_SetPriority
    i2c.o(i.HAL_I2C_MspInit) refers to stm32f1xx_hal_cortex.o(i.HAL_NVIC_EnableIRQ) for HAL_NVIC_EnableIRQ
    i2c.o(i.MX_I2C1_Init) refers to stm32f1xx_hal_i2c.o(i.HAL_I2C_Init) for HAL_I2C_Init
    i2c.o(i.MX_I2C1_Init) refers to main.o(i.Error_Handler) for Error_Handler
    i2c.o(i.MX_I2C1_Init) refers to i2c.o(.bss) for .bss
    i2c.o(i.MX_I2C1_Init) refers to protocol .o(.constdata) for SecAlaveAddrArray
    i2c.o(i.MX_I2C1_Init) refers to protocol .o(.data) for SecAlaveAddrPos
    tim.o(i.HAL_TIM_MspPostInit) refers to stm32f1xx_hal_gpio.o(i.HAL_GPIO_Init) for HAL_GPIO_Init
[...]
    Removing binval.o(.rrx_text), (6 bytes).

501 unused section(s) (total 40654 bytes) removed from the image.

==============================================================================

Image Symbol Table

    Local Symbols

    Symbol Name                              Value     Ov Type        Size  Object(Section)

    ../Core/Src/adc.c                        0x00000000   Number         0  adc.o ABSOLUTE
    ../Core/Src/dma.c                        0x00000000   Number         0  dma.o ABSOLUTE
    ../Core/Src/gpio.c                       0x00000000   Number         0  gpio.o ABSOLUTE
    ../Core/Src/i2c.c                        0x00000000   Number         0  i2c.o ABSOLUTE
    ../Core/Src/main.c                       0x00000000   Number         0  main.o ABSOLUTE
    ../Core/Src/stm32f1xx_hal_msp.c          0x00000000   Number         0  stm32f1xx_hal_msp.o ABSOLUTE
    ../Core/Src/stm32f1xx_it.c               0x00000000   Number         0  stm32f1xx_it.o ABSOLUTE
    ../Core/Src/system_stm32f1xx.c           0x00000000   Number         0  system_stm32f1xx.o ABSOLUTE
    ../Core/Src/tim.c                        0x00000000   Number         0  tim.o ABSOLUTE
    ../Core/Src/usart.c                      0x00000000   Number         0  usart.o ABSOLUTE
    ../Drivers/STM32F1xx_HAL_Driver/Src/stm32f1xx_hal.c 0x00000000   Number         0  stm32f1xx_hal.o ABSOLUTE
    ../Drivers/STM32F1xx_HAL_Driver/Src/stm32f1xx_hal_adc.c 0x00000000   Number         0  stm32f1xx_hal_adc.o ABSOLUTE
    ../Drivers/STM32F1xx_HAL_Driver/Src/stm32f1xx_hal_adc_ex.c 0x00000000   Number         0  stm32f1xx_hal_adc_ex.o ABSOLUTE
    ../Drivers/STM32F1xx_HAL_Driver/Src/stm32f1xx_hal_cortex.c 0x00000000   Number         0  stm32f1xx_hal_cortex.o ABSOLUTE
    ../Drivers/STM32F1xx_HAL_Driver/Src/stm32f1xx_hal_dma.c 0x00000000   Number         0  stm32f1xx_hal_dma.o ABSOLUTE
    ../Drivers/STM32F1xx_HAL_Driver/Src/stm32f1xx_hal_exti.c 0x00000000   Number         0  stm32f1xx_hal_exti.o ABSOLUTE
    ../Drivers/STM32F1xx_HAL_Driver/Src/stm32f1xx_hal_flash.c 0x00000000   Number         0  stm32f1xx_hal_flash.o ABSOLUTE
    ../Drivers/STM32F1xx_HAL_Driver/Src/stm32f1xx_hal_flash_ex.c 0x00000000   Number         0  stm32f1xx_hal_flash_ex.o ABSOLUTE
    ../Drivers/STM32F1xx_HAL_Driver/Src/stm32f1xx_hal_gpio.c 0x00000000   Number         0  stm32f1xx_hal_gpio.o ABSOLUTE
    ../Drivers/STM32F1xx_HAL_Driver/Src/stm32f1xx_hal_gpio_ex.c 0x00000000   Number         0  stm32f1xx_hal_gpio_ex.o ABSOLUTE
    ../Drivers/STM32F1xx_HAL_Driver/Src/stm32f1xx_hal_i2c.c 0x00000000   Number         0  stm32f1xx_hal_i2c.o ABSOLUTE
    ../Drivers/STM32F1xx_HAL_Driver/Src/stm32f1xx_hal_pwr.c 0x00000000   Number         0  stm32f1xx_hal_pwr.o ABSOLUTE
    ../Drivers/STM32F1xx_HAL_Driver/Src/stm32f1xx_hal_rcc.c 0x00000000   Number         0  stm32f1xx_hal_rcc.o ABSOLUTE
    ../Drivers/STM32F1xx_HAL_Driver/Src/stm32f1xx_hal_rcc_ex.c 0x00000000   Number         0  stm32f1xx_hal_rcc_ex.o ABSOLUTE
    ../Drivers/STM32F1xx_HAL_Driver/Src/stm32f1xx_hal_tim.c 0x00000000   Number         0  stm32f1xx_hal_tim.o ABSOLUTE
    ../Drivers/STM32F1xx_HAL_Driver/Src/stm32f1xx_hal_tim_ex.c 0x00000000   Number         0  stm32f1xx_hal_tim_ex.o ABSOLUTE
    ../Drivers/STM32F1xx_HAL_Driver/Src/stm32f1xx_hal_uart.c 0x00000000   Number         0  stm32f1xx_hal_uart.o ABSOLUTE
    ../clib/microlib/init/entry.s            0x00000000   Number         0  entry7a.o ABSOLUTE
    ../clib/microlib/init/entry.s            0x00000000   Number         0  entry5.o ABSOLUTE
    ../clib/microlib/init/entry.s            0x00000000   Number         0  entry11a.o ABSOLUTE
    ../clib/microlib/init/entry.s            0x00000000   Number         0  entry10b.o ABSOLUTE
    ../clib/microlib/init/entry.s            0x00000000   Number         0  entry2.o ABSOLUTE
    ../clib/microlib/init/entry.s            0x00000000   Number         0  entry11b.o ABSOLUTE
    ../clib/microlib/init/entry.s            0x00000000   Number         0  entry.o ABSOLUTE
    ../clib/microlib/init/entry.s            0x00000000   Number         0  entry9a.o ABSOLUTE
    ../clib/microlib/init/entry.s            0x00000000   Number         0  entry8b.o ABSOLUTE
    ../clib/microlib/init/entry.s            0x00000000   Number         0  entry9b.o ABSOLUTE
    ../clib/microlib/init/entry.s            0x00000000   Number         0  entry8a.o ABSOLUTE
    ../clib/microlib/init/entry.s            0x00000000   Number         0  entry10a.o ABSOLUTE
    ../clib/microlib/init/entry.s            0x00000000   Number         0  entry7b.o ABSOLUTE
    ../clib/microlib/longlong.c              0x00000000   Number         0  llushr.o ABSOLUTE
    ../clib/microlib/string/memset.c         0x00000000   Number         0  memseta.o ABSOLUTE
    ../clib/microlib/stubs.s                 0x00000000   Number         0  iusefp.o ABSOLUTE
    ../fplib/microlib/fpdiv.c                0x00000000   Number         0  fdiv.o ABSOLUTE
    ../fplib/microlib/fpepilogue.c           0x00000000   Number         0  fepilogue.o ABSOLUTE
    ../fplib/microlib/fpfix.c                0x00000000   Number         0  ffixi.o ABSOLUTE
    ../fplib/microlib/fpflt.c                0x00000000   Number         0  fflti.o ABSOLUTE
    ../fplib/microlib/fpmul.c                0x00000000   Number         0  fmul.o ABSOLUTE
    ..\Core\Src\adc.c                        0x00000000   Number         0  adc.o ABSOLUTE
    ..\Core\Src\dma.c                        0x00000000   Number         0  dma.o ABSOLUTE
    ..\Core\Src\gpio.c                       0x00000000   Number         0  gpio.o ABSOLUTE
    ..\Core\Src\i2c.c                        0x00000000   Number         0  i2c.o ABSOLUTE
    ..\Core\Src\main.c                       0x00000000   Number         0  main.o ABSOLUTE
    ..\Core\Src\stm32f1xx_hal_msp.c          0x00000000   Number         0  stm32f1xx_hal_msp.o ABSOLUTE
    ..\Core\Src\stm32f1xx_it.c               0x00000000   Number         0  stm32f1xx_it.o ABSOLUTE
    ..\Core\Src\system_stm32f1xx.c           0x00000000   Number         0  system_stm32f1xx.o ABSOLUTE
    ..\Core\Src\tim.c                        0x00000000   Number         0  tim.o ABSOLUTE
    ..\Core\Src\usart.c                      0x00000000   Number         0  usart.o ABSOLUTE
    ..\Drivers\STM32F1xx_HAL_Driver\Src\stm32f1xx_hal.c 0x00000000   Number         0  stm32f1xx_hal.o ABSOLUTE
    ..\Drivers\STM32F1xx_HAL_Driver\Src\stm32f1xx_hal_adc.c 0x00000000   Number         0  stm32f1xx_hal_adc.o ABSOLUTE
    ..\Drivers\STM32F1xx_HAL_Driver\Src\stm32f1xx_hal_adc_ex.c 0x00000000   Number         0  stm32f1xx_hal_adc_ex.o ABSOLUTE
    ..\Drivers\STM32F1xx_HAL_Driver\Src\stm32f1xx_hal_cortex.c 0x00000000   Number         0  stm32f1xx_hal_cortex.o ABSOLUTE
    ..\Drivers\STM32F1xx_HAL_Driver\Src\stm32f1xx_hal_dma.c 0x00000000   Number         0  stm32f1xx_hal_dma.o ABSOLUTE
    ..\Drivers\STM32F1xx_HAL_Driver\Src\stm32f1xx_hal_exti.c 0x00000000   Number         0  stm32f1xx_hal_exti.o ABSOLUTE
    ..\Drivers\STM32F1xx_HAL_Driver\Src\stm32f1xx_hal_flash.c 0x00000000   Number         0  stm32f1xx_hal_flash.o ABSOLUTE
    ..\Drivers\STM32F1xx_HAL_Driver\Src\stm32f1xx_hal_flash_ex.c 0x00000000   Number         0  stm32f1xx_hal_flash_ex.o ABSOLUTE
    ..\Drivers\STM32F1xx_HAL_Driver\Src\stm32f1xx_hal_gpio.c 0x00000000   Number         0  stm32f1xx_hal_gpio.o ABSOLUTE
    ..\Drivers\STM32F1xx_HAL_Driver\Src\stm32f1xx_hal_gpio_ex.c 0x00000000   Number         0  stm32f1xx_hal_gpio_ex.o ABSOLUTE
    ..\Drivers\STM32F1xx_HAL_Driver\Src\stm32f1xx_hal_i2c.c 0x00000000   Number         0  stm32f1xx_hal_i2c.o ABSOLUTE
    ..\Drivers\STM32F1xx_HAL_Driver\Src\stm32f1xx_hal_pwr.c 0x00000000   Number         0  stm32f1xx_hal_pwr.o ABSOLUTE
    ..\Drivers\STM32F1xx_HAL_Driver\Src\stm32f1xx_hal_rcc.c 0x00000000   Number         0  stm32f1xx_hal_rcc.o ABSOLUTE
    ..\Drivers\STM32F1xx_HAL_Driver\Src\stm32f1xx_hal_rcc_ex.c 0x00000000   Number         0  stm32f1xx_hal_rcc_ex.o ABSOLUTE
    ..\Drivers\STM32F1xx_HAL_Driver\Src\stm32f1xx_hal_tim.c 0x00000000   Number         0  stm32f1xx_hal_tim.o ABSOLUTE
    ..\Drivers\STM32F1xx_HAL_Driver\Src\stm32f1xx_hal_tim_ex.c 0x00000000   Number         0  stm32f1xx_hal_tim_ex.o ABSOLUTE
    ..\Drivers\STM32F1xx_HAL_Driver\Src\stm32f1xx_hal_uart.c 0x00000000   Number         0  stm32f1xx_hal_uart.o ABSOLUTE
    ..\\myCode\\control\\Protocol .c         0x00000000   Number         0  protocol .o ABSOLUTE
    ..\\myCode\\control\\control.c           0x00000000   Number         0  control.o ABSOLUTE
    ..\\myCode\\control\\flash.c             0x00000000   Number         0  flash.o ABSOLUTE
    ..\\myCode\\control\\hsv.c               0x00000000   Number         0  hsv.o ABSOLUTE
    ..\\myCode\\hardware\\LED\\LED.c         0x00000000   Number         0  led.o ABSOLUTE
    ..\\myCode\\hardware\\RGB\\LED_RGB.c     0x00000000   Number         0  led_rgb.o ABSOLUTE
    ..\\myCode\\identify\\BinVal.c           0x00000000   Number         0  binval.o ABSOLUTE
    ..\\myCode\\identify\\Grayscale.c        0x00000000   Number         0  grayscale.o ABSOLUTE
    ..\\myCode\\identify\\color.c            0x00000000   Number         0  color.o ABSOLUTE
    ..\myCode\control\Protocol .c            0x00000000   Number         0  protocol .o ABSOLUTE
    ..\myCode\control\control.c              0x00000000   Number         0  control.o ABSOLUTE
    ..\myCode\control\flash.c                0x00000000   Number         0  flash.o ABSOLUTE
    ..\myCode\control\hsv.c                  0x00000000   Number         0  hsv.o ABSOLUTE
    ..\myCode\hardware\LED\LED.c             0x00000000   Number         0  led.o ABSOLUTE
    ..\myCode\hardware\RGB\LED_RGB.c         0x00000000   Number         0  led_rgb.o ABSOLUTE
    ..\myCode\identify\BinVal.c              0x00000000   Number         0  binval.o ABSOLUTE
    ..\myCode\identify\Grayscale.c           0x00000000   Number         0  grayscale.o ABSOLUTE
    ..\myCode\identify\color.c               0x00000000   Number         0  color.o ABSOLUTE
    dc.s                                     0x00000000   Number         0  dc.o ABSOLUTE
    handlers.s                               0x00000000   Number         0  handlers.o ABSOLUTE
    init.s                                   0x00000000   Number         0  init.o ABSOLUTE
    startup_stm32f103xb.s                    0x00000000   Number         0  startup_stm32f103xb.o ABSOLUTE
    RESET                                    0x08003000   Section      236  startup_stm32f103xb.o(RESET)
    .ARM.Collect$$$$00000000                 0x080030ec   Section        0  entry.o(.ARM.Collect$$$$00000000)
    .ARM.Collect$$$$00000001                 0x080030ec   Section        4  entry2.o(.ARM.Collect$$$$00000001)
    .ARM.Collect$$$$00000004                 0x080030f0   Section        4  entry5.o(.ARM.Collect$$$$00000004)
    .ARM.Collect$$$$00000008                 0x080030f4   Section        0  entry7b.o(.ARM.Collect$$$$00000008)
    .ARM.Collect$$$$0000000A                 0x080030f4   Section        0  entry8b.o(.ARM.Collect$$$$0000000A)
    .ARM.Collect$$$$0000000B                 0x080030f4   Section        8  entry9a.o(.ARM.Collect$$$$0000000B)
    .ARM.Collect$$$$0000000D                 0x080030fc   Section        0  entry10a.o(.ARM.Collect$$$$0000000D)
    .ARM.Collect$$$$0000000F                 0x080030fc   Section        0  entry11a.o(.ARM.Collect$$$$0000000F)
    .ARM.Collect$$$$00002712                 0x080030fc   Section        4  entry2.o(.ARM.Collect$$$$00002712)
    __lit__00000000                          0x080030fc   Data           4  entry2.o(.ARM.Collect$$$$00002712)
    .text                                    0x08003100   Section       36  startup_stm32f103xb.o(.text)
    .text                                    0x08003124   Section        0  llushr.o(.text)
    .text                                    0x08003144   Section        0  memseta.o(.text)
    .text                                    0x08003168   Section        0  fmul.o(.text)
    .text                                    0x080031cc   Section        0  fdiv.o(.text)
    .text                                    0x08003248   Section        0  fflti.o(.text)
    .text                                    0x0800325a   Section        0  ffixi.o(.text)
    .text                                    0x0800328c   Section        0  fepilogue.o(.text)
    .text                                    0x0800328c   Section        0  iusefp.o(.text)
    .text                                    0x080032fc   Section       36  init.o(.text)
    i.ADC_ConversionStop_Disable             0x08003320   Section        0  stm32f1xx_hal_adc.o(i.ADC_ConversionStop_Disable)
    i.ADC_DMAConvCplt                        0x08003374   Section        0  stm32f1xx_hal_adc.o(i.ADC_DMAConvCplt)
    i.ADC_DMAError                           0x080033c2   Section        0  stm32f1xx_hal_adc.o(i.ADC_DMAError)
    i.ADC_DMAHalfConvCplt                    0x080033dc   Section        0  stm32f1xx_hal_adc.o(i.ADC_DMAHalfConvCplt)
    i.ADC_Enable                             0x080033e8   Section        0  stm32f1xx_hal_adc.o(i.ADC_Enable)
    i.BinVal_Init                            0x08003468   Section        0  binval.o(i.BinVal_Init)
    i.BusFault_Handler                       0x0800346a   Section        0  stm32f1xx_it.o(i.BusFault_Handler)
    i.Color_Recongnition                     0x0800346c   Section        0  color.o(i.Color_Recongnition)
    i.Control_Init                           0x0800350c   Section        0  control.o(i.Control_Init)
    Control_Init                             0x0800350d   Thumb Code     8  control.o(i.Control_Init)
    i.Control_Run                            0x08003518   Section        0  control.o(i.Control_Run)
    Control_Run                              0x08003519   Thumb Code   136  control.o(i.Control_Run)
    i.DMA_SetConfig                          0x080035b0   Section        0  stm32f1xx_hal_dma.o(i.DMA_SetConfig)
    DMA_SetConfig                            0x080035b1   Thumb Code    44  stm32f1xx_hal_dma.o(i.DMA_SetConfig)
    i.DebugMon_Handler                       0x080035dc   Section        0  stm32f1xx_it.o(i.DebugMon_Handler)
    i.Error_Handler                          0x080035de   Section        0  main.o(i.Error_Handler)
    i.FLASH_MassErase                        0x080035e4   Section        0  stm32f1xx_hal_flash_ex.o(i.FLASH_MassErase)
    FLASH_MassErase                          0x080035e5   Thumb Code    26  stm32f1xx_hal_flash_ex.o(i.FLASH_MassErase)
    i.FLASH_PageErase                        0x08003608   Section        0  stm32f1xx_hal_flash_ex.o(i.FLASH_PageErase)
    i.FLASH_Program_HalfWord                 0x0800362c   Section        0  stm32f1xx_hal_flash.o(i.FLASH_Program_HalfWord)
    FLASH_Program_HalfWord                   0x0800362d   Thumb Code    20  stm32f1xx_hal_flash.o(i.FLASH_Program_HalfWord)
    i.FLASH_SetErrorCode                     0x08003648   Section        0  stm32f1xx_hal_flash.o(i.FLASH_SetErrorCode)
    FLASH_SetErrorCode                       0x08003649   Thumb Code    84  stm32f1xx_hal_flash.o(i.FLASH_SetErrorCode)
    i.FLASH_WaitForLastOperation             0x080036a4   Section        0  stm32f1xx_hal_flash.o(i.FLASH_WaitForLastOperation)
    i.Grayscale_Init                         0x080036f8   Section        0  grayscale.o(i.Grayscale_Init)
    i.HAL_ADCEx_Calibration_Start            0x08003734   Section        0  stm32f1xx_hal_adc_ex.o(i.HAL_ADCEx_Calibration_Start)
    i.HAL_ADC_ConfigChannel                  0x08003828   Section        0  stm32f1xx_hal_adc.o(i.HAL_ADC_ConfigChannel)
    i.HAL_ADC_ConvCpltCallback               0x08003930   Section        0  stm32f1xx_hal_adc.o(i.HAL_ADC_ConvCpltCallback)
    i.HAL_ADC_ConvHalfCpltCallback           0x08003932   Section        0  stm32f1xx_hal_adc.o(i.HAL_ADC_ConvHalfCpltCallback)
    i.HAL_ADC_ErrorCallback                  0x08003934   Section        0  stm32f1xx_hal_adc.o(i.HAL_ADC_ErrorCallback)
    i.HAL_ADC_Init                           0x08003938   Section        0  stm32f1xx_hal_adc.o(i.HAL_ADC_Init)
    i.HAL_ADC_MspInit                        0x08003a54   Section        0  adc.o(i.HAL_ADC_MspInit)
    i.HAL_ADC_Start_DMA                      0x08003ae4   Section        0  stm32f1xx_hal_adc.o(i.HAL_ADC_Start_DMA)
    i.HAL_DMA_Abort_IT                       0x08003c04   Section        0  stm32f1xx_hal_dma.o(i.HAL_DMA_Abort_IT)
    i.HAL_DMA_GetState                       0x08003c9c   Section        0  stm32f1xx_hal_dma.o(i.HAL_DMA_GetState)
    i.HAL_DMA_Init                           0x08003ca4   Section        0  stm32f1xx_hal_dma.o(i.HAL_DMA_Init)
    i.HAL_DMA_Start_IT                       0x08003d08   Section        0  stm32f1xx_hal_dma.o(i.HAL_DMA_Start_IT)
    i.HAL_Delay                              0x08003d7c   Section        0  stm32f1xx_hal.o(i.HAL_Delay)
    i.HAL_FLASHEx_Erase                      0x08003da0   Section        0  stm32f1xx_hal_flash_ex.o(i.HAL_FLASHEx_Erase)
    i.HAL_FLASH_Lock                         0x08003e48   Section        0  stm32f1xx_hal_flash.o(i.HAL_FLASH_Lock)
    i.HAL_FLASH_Program                      0x08003e5c   Section        0  stm32f1xx_hal_flash.o(i.HAL_FLASH_Program)
    i.HAL_FLASH_Unlock                       0x08003ee8   Section        0  stm32f1xx_hal_flash.o(i.HAL_FLASH_Unlock)
    i.HAL_GPIO_DeInit                        0x08003f10   Section        0  stm32f1xx_hal_gpio.o(i.HAL_GPIO_DeInit)
    i.HAL_GPIO_Init                          0x08003ff8   Section        0  stm32f1xx_hal_gpio.o(i.HAL_GPIO_Init)
    i.HAL_GPIO_ReadPin                       0x080041e8   Section        0  stm32f1xx_hal_gpio.o(i.HAL_GPIO_ReadPin)
    i.HAL_GPIO_WritePin                      0x080041f6   Section        0  stm32f1xx_hal_gpio.o(i.HAL_GPIO_WritePin)
    i.HAL_GetTick                            0x08004204   Section        0  stm32f1xx_hal.o(i.HAL_GetTick)
    i.HAL_I2C_AbortCpltCallback              0x08004210   Section        0  stm32f1xx_hal_i2c.o(i.HAL_I2C_AbortCpltCallback)
    i.HAL_I2C_AddrCallback                   0x08004214   Section        0  protocol .o(i.HAL_I2C_AddrCallback)
    i.HAL_I2C_DeInit                         0x08004240   Section        0  stm32f1xx_hal_i2c.o(i.HAL_I2C_DeInit)
    i.HAL_I2C_ER_IRQHandler                  0x08004272   Section        0  stm32f1xx_hal_i2c.o(i.HAL_I2C_ER_IRQHandler)
    i.HAL_I2C_EV_IRQHandler                  0x08004336   Section        0  stm32f1xx_hal_i2c.o(i.HAL_I2C_EV_IRQHandler)
    i.HAL_I2C_EnableListen_IT                0x080044d2   Section        0  stm32f1xx_hal_i2c.o(i.HAL_I2C_EnableListen_IT)
    i.HAL_I2C_ErrorCallback                  0x0800450c   Section        0  protocol .o(i.HAL_I2C_ErrorCallback)
    i.HAL_I2C_Init                           0x08004510   Section        0  stm32f1xx_hal_i2c.o(i.HAL_I2C_Init)
    i.HAL_I2C_ListenCpltCallback             0x080046a8   Section        0  protocol .o(i.HAL_I2C_ListenCpltCallback)
    i.HAL_I2C_MasterRxCpltCallback           0x080046ac   Section        0  stm32f1xx_hal_i2c.o(i.HAL_I2C_MasterRxCpltCallback)
    i.HAL_I2C_MasterTxCpltCallback           0x080046ae   Section        0  stm32f1xx_hal_i2c.o(i.HAL_I2C_MasterTxCpltCallback)
    i.HAL_I2C_MemRxCpltCallback              0x080046b0   Section        0  stm32f1xx_hal_i2c.o(i.HAL_I2C_MemRxCpltCallback)
    i.HAL_I2C_MemTxCpltCallback              0x080046b2   Section        0  stm32f1xx_hal_i2c.o(i.HAL_I2C_MemTxCpltCallback)
    i.HAL_I2C_MspDeInit                      0x080046b4   Section        0  i2c.o(i.HAL_I2C_MspDeInit)
    i.HAL_I2C_MspInit                        0x080046f8   Section        0  i2c.o(i.HAL_I2C_MspInit)
    i.HAL_I2C_SlaveRxCpltCallback            0x08004788   Section        0  protocol .o(i.HAL_I2C_SlaveRxCpltCallback)
    i.HAL_I2C_SlaveTxCpltCallback            0x0800478c   Section        0  protocol .o(i.HAL_I2C_SlaveTxCpltCallback)
    i.HAL_I2C_Slave_Seq_Receive_IT           0x08004790   Section        0  stm32f1xx_hal_i2c.o(i.HAL_I2C_Slave_Seq_Receive_IT)
    i.HAL_I2C_Slave_Seq_Transmit_IT          0x08004808   Section        0  stm32f1xx_hal_i2c.o(i.HAL_I2C_Slave_Seq_Transmit_IT)
    i.HAL_IncTick                            0x08004880   Section        0  stm32f1xx_hal.o(i.HAL_IncTick)
    i.HAL_Init                               0x08004890   Section        0  stm32f1xx_hal.o(i.HAL_Init)
    i.HAL_InitTick                           0x080048b4   Section        0  stm32f1xx_hal.o(i.HAL_InitTick)
    i.HAL_MspInit                            0x080048f8   Section        0  stm32f1xx_hal_msp.o(i.HAL_MspInit)
    i.HAL_NVIC_DisableIRQ                    0x08004934   Section        0  stm32f1xx_hal_cortex.o(i.HAL_NVIC_DisableIRQ)
    i.HAL_NVIC_EnableIRQ                     0x08004956   Section        0  stm32f1xx_hal_cortex.o(i.HAL_NVIC_EnableIRQ)
    i.HAL_NVIC_SetPriority                   0x08004970   Section        0  stm32f1xx_hal_cortex.o(i.HAL_NVIC_SetPriority)
    i.HAL_NVIC_SetPriorityGrouping           0x080049b0   Section        0  stm32f1xx_hal_cortex.o(i.HAL_NVIC_SetPriorityGrouping)
    i.HAL_RCCEx_GetPeriphCLKFreq             0x080049d4   Section        0  stm32f1xx_hal_rcc_ex.o(i.HAL_RCCEx_GetPeriphCLKFreq)
    i.HAL_RCCEx_PeriphCLKConfig              0x08004aa4   Section        0  stm32f1xx_hal_rcc_ex.o(i.HAL_RCCEx_PeriphCLKConfig)
    i.HAL_RCC_CSSCallback                    0x08004bb0   Section        0  stm32f1xx_hal_rcc.o(i.HAL_RCC_CSSCallback)
    i.HAL_RCC_ClockConfig                    0x08004bb4   Section        0  stm32f1xx_hal_rcc.o(i.HAL_RCC_ClockConfig)
    i.HAL_RCC_EnableCSS                      0x08004d08   Section        0  stm32f1xx_hal_rcc.o(i.HAL_RCC_EnableCSS)
    i.HAL_RCC_GetHCLKFreq                    0x08004d14   Section        0  stm32f1xx_hal_rcc.o(i.HAL_RCC_GetHCLKFreq)
    i.HAL_RCC_GetPCLK1Freq                   0x08004d20   Section        0  stm32f1xx_hal_rcc.o(i.HAL_RCC_GetPCLK1Freq)
    i.HAL_RCC_GetPCLK2Freq                   0x08004d40   Section        0  stm32f1xx_hal_rcc.o(i.HAL_RCC_GetPCLK2Freq)
    i.HAL_RCC_GetSysClockFreq                0x08004d60   Section        0  stm32f1xx_hal_rcc.o(i.HAL_RCC_GetSysClockFreq)
    i.HAL_RCC_NMI_IRQHandler                 0x08004dd4   Section        0  stm32f1xx_hal_rcc.o(i.HAL_RCC_NMI_IRQHandler)
    i.HAL_RCC_OscConfig                      0x08004dec   Section        0  stm32f1xx_hal_rcc.o(i.HAL_RCC_OscConfig)
    i.HAL_SYSTICK_Config                     0x08005170   Section        0  stm32f1xx_hal_cortex.o(i.HAL_SYSTICK_Config)
    i.HAL_TIMEx_ConfigBreakDeadTime          0x08005198   Section        0  stm32f1xx_hal_tim_ex.o(i.HAL_TIMEx_ConfigBreakDeadTime)
    i.HAL_TIMEx_MasterConfigSynchronization  0x080051ec   Section        0  stm32f1xx_hal_tim_ex.o(i.HAL_TIMEx_MasterConfigSynchronization)
    i.HAL_TIM_MspPostInit                    0x08005254   Section        0  tim.o(i.HAL_TIM_MspPostInit)
    i.HAL_TIM_PWM_ConfigChannel              0x080052a0   Section        0  stm32f1xx_hal_tim.o(i.HAL_TIM_PWM_ConfigChannel)
    i.HAL_TIM_PWM_Init                       0x08005372   Section        0  stm32f1xx_hal_tim.o(i.HAL_TIM_PWM_Init)
    i.HAL_TIM_PWM_MspInit                    0x080053bc   Section        0  tim.o(i.HAL_TIM_PWM_MspInit)
    i.HAL_TIM_PWM_Start                      0x080053e4   Section        0  stm32f1xx_hal_tim.o(i.HAL_TIM_PWM_Start)
    i.HAL_UART_Init                          0x08005490   Section        0  stm32f1xx_hal_uart.o(i.HAL_UART_Init)
    i.HAL_UART_MspInit                       0x080054f4   Section        0  usart.o(i.HAL_UART_MspInit)
    i.HardFault_Handler                      0x08005574   Section        0  stm32f1xx_it.o(i.HardFault_Handler)
    i.I2C1_ER_IRQHandler                     0x08005578   Section        0  stm32f1xx_it.o(i.I2C1_ER_IRQHandler)
    i.I2C1_EV_IRQHandler                     0x08005584   Section        0  stm32f1xx_it.o(i.I2C1_EV_IRQHandler)
    i.I2C_ConvertOtherXferOptions            0x08005590   Section        0  stm32f1xx_hal_i2c.o(i.I2C_ConvertOtherXferOptions)
    I2C_ConvertOtherXferOptions              0x08005591   Thumb Code    28  stm32f1xx_hal_i2c.o(i.I2C_ConvertOtherXferOptions)
    i.I2C_DMAAbort                           0x080055ac   Section        0  stm32f1xx_hal_i2c.o(i.I2C_DMAAbort)
    I2C_DMAAbort                             0x080055ad   Thumb Code   182  stm32f1xx_hal_i2c.o(i.I2C_DMAAbort)
    i.I2C_ITError                            0x08005668   Section        0  stm32f1xx_hal_i2c.o(i.I2C_ITError)
    I2C_ITError                              0x08005669   Thumb Code   340  stm32f1xx_hal_i2c.o(i.I2C_ITError)
    i.I2C_MasterReceive_BTF                  0x080057c4   Section        0  stm32f1xx_hal_i2c.o(i.I2C_MasterReceive_BTF)
    I2C_MasterReceive_BTF                    0x080057c5   Thumb Code   256  stm32f1xx_hal_i2c.o(i.I2C_MasterReceive_BTF)
    i.I2C_MasterReceive_RXNE                 0x080058c4   Section        0  stm32f1xx_hal_i2c.o(i.I2C_MasterReceive_RXNE)
    I2C_MasterReceive_RXNE                   0x080058c5   Thumb Code   210  stm32f1xx_hal_i2c.o(i.I2C_MasterReceive_RXNE)
    i.I2C_MasterTransmit_BTF                 0x08005996   Section        0  stm32f1xx_hal_i2c.o(i.I2C_MasterTransmit_BTF)
    I2C_MasterTransmit_BTF                   0x08005997   Thumb Code   138  stm32f1xx_hal_i2c.o(i.I2C_MasterTransmit_BTF)
    i.I2C_MasterTransmit_TXE                 0x08005a20   Section        0  stm32f1xx_hal_i2c.o(i.I2C_MasterTransmit_TXE)
    I2C_MasterTransmit_TXE                   0x08005a21   Thumb Code   190  stm32f1xx_hal_i2c.o(i.I2C_MasterTransmit_TXE)
    i.I2C_Master_ADD10                       0x08005ade   Section        0  stm32f1xx_hal_i2c.o(i.I2C_Master_ADD10)
    I2C_Master_ADD10                         0x08005adf   Thumb Code    42  stm32f1xx_hal_i2c.o(i.I2C_Master_ADD10)
    i.I2C_Master_ADDR                        0x08005b08   Section        0  stm32f1xx_hal_i2c.o(i.I2C_Master_ADDR)
    I2C_Master_ADDR                          0x08005b09   Thumb Code   404  stm32f1xx_hal_i2c.o(i.I2C_Master_ADDR)
    i.I2C_Master_SB                          0x08005ca0   Section        0  stm32f1xx_hal_i2c.o(i.I2C_Master_SB)
    I2C_Master_SB                            0x08005ca1   Thumb Code   160  stm32f1xx_hal_i2c.o(i.I2C_Master_SB)
    i.I2C_MemoryTransmit_TXE_BTF             0x08005d40   Section        0  stm32f1xx_hal_i2c.o(i.I2C_MemoryTransmit_TXE_BTF)
    I2C_MemoryTransmit_TXE_BTF               0x08005d41   Thumb Code   182  stm32f1xx_hal_i2c.o(i.I2C_MemoryTransmit_TXE_BTF)
    i.I2C_SlaveReceive_BTF                   0x08005df6   Section        0  stm32f1xx_hal_i2c.o(i.I2C_SlaveReceive_BTF)
    I2C_SlaveReceive_BTF                     0x08005df7   Thumb Code    28  stm32f1xx_hal_i2c.o(i.I2C_SlaveReceive_BTF)
    i.I2C_SlaveReceive_RXNE                  0x08005e12   Section        0  stm32f1xx_hal_i2c.o(i.I2C_SlaveReceive_RXNE)
    I2C_SlaveReceive_RXNE                    0x08005e13   Thumb Code    68  stm32f1xx_hal_i2c.o(i.I2C_SlaveReceive_RXNE)
    i.I2C_SlaveTransmit_BTF                  0x08005e56   Section        0  stm32f1xx_hal_i2c.o(i.I2C_SlaveTransmit_BTF)
    I2C_SlaveTransmit_BTF                    0x08005e57   Thumb Code    28  stm32f1xx_hal_i2c.o(i.I2C_SlaveTransmit_BTF)
    i.I2C_SlaveTransmit_TXE                  0x08005e72   Section        0  stm32f1xx_hal_i2c.o(i.I2C_SlaveTransmit_TXE)
    I2C_SlaveTransmit_TXE                    0x08005e73   Thumb Code    68  stm32f1xx_hal_i2c.o(i.I2C_SlaveTransmit_TXE)
    i.I2C_Slave_ADDR                         0x08005eb6   Section        0  stm32f1xx_hal_i2c.o(i.I2C_Slave_ADDR)
    I2C_Slave_ADDR                           0x08005eb7   Thumb Code    72  stm32f1xx_hal_i2c.o(i.I2C_Slave_ADDR)
    i.I2C_Slave_AF                           0x08005f00   Section        0  stm32f1xx_hal_i2c.o(i.I2C_Slave_AF)
    I2C_Slave_AF                             0x08005f01   Thumb Code   126  stm32f1xx_hal_i2c.o(i.I2C_Slave_AF)
    i.I2C_Slave_Forced_UP                    0x08005f84   Section        0  protocol .o(i.I2C_Slave_Forced_UP)
    i.I2C_Slave_Rest                         0x08005fe0   Section        0  protocol .o(i.I2C_Slave_Rest)
    i.I2C_Slave_STOPF                        0x08006004   Section        0  stm32f1xx_hal_i2c.o(i.I2C_Slave_STOPF)
    I2C_Slave_STOPF                          0x08006005   Thumb Code   342  stm32f1xx_hal_i2c.o(i.I2C_Slave_STOPF)
    i.I2C_WaitOnSTOPRequestThroughIT         0x08006164   Section        0  stm32f1xx_hal_i2c.o(i.I2C_WaitOnSTOPRequestThroughIT)
    I2C_WaitOnSTOPRequestThroughIT           0x08006165   Thumb Code    54  stm32f1xx_hal_i2c.o(i.I2C_WaitOnSTOPRequestThroughIT)
    i.KeyControl                             0x080061a0   Section        0  control.o(i.KeyControl)
    KeyControl                               0x080061a1   Thumb Code   160  control.o(i.KeyControl)
    i.LED_Init                               0x0800624c   Section        0  led.o(i.LED_Init)
    i.LED_RBG_SET                            0x08006254   Section        0  led_rgb.o(i.LED_RBG_SET)
    i.LED_Run                                0x0800628c   Section        0  led.o(i.LED_Run)
    i.LED_SET_ALL                            0x08006318   Section        0  led.o(i.LED_SET_ALL)
    i.MX_ADC1_Init                           0x08006348   Section        0  adc.o(i.MX_ADC1_Init)
    i.MX_DMA_Init                            0x080063fc   Section        0  dma.o(i.MX_DMA_Init)
    i.MX_GPIO_Init                           0x08006418   Section        0  gpio.o(i.MX_GPIO_Init)
    i.MX_I2C1_Init                           0x080064c4   Section        0  i2c.o(i.MX_I2C1_Init)
    i.MX_TIM1_Init                           0x08006518   Section        0  tim.o(i.MX_TIM1_Init)
    i.MX_USART1_UART_Init                    0x080065d8   Section        0  usart.o(i.MX_USART1_UART_Init)
    i.MemManage_Handler                      0x08006610   Section        0  stm32f1xx_it.o(i.MemManage_Handler)
    i.NMI_Handler                            0x08006612   Section        0  stm32f1xx_it.o(i.NMI_Handler)
    i.PendSV_Handler                         0x08006618   Section        0  stm32f1xx_it.o(i.PendSV_Handler)
    i.RCC_Delay                              0x0800661c   Section        0  stm32f1xx_hal_rcc.o(i.RCC_Delay)
    RCC_Delay                                0x0800661d   Thumb Code    30  stm32f1xx_hal_rcc.o(i.RCC_Delay)
    i.SVC_Handler                            0x08006640   Section        0  stm32f1xx_it.o(i.SVC_Handler)
    i.ServerI2C_Init                         0x08006644   Section        0  protocol .o(i.ServerI2C_Init)
    i.SysTick_Handler                        0x08006670   Section        0  stm32f1xx_it.o(i.SysTick_Handler)
    i.SystemClock_Config                     0x08006674   Section        0  main.o(i.SystemClock_Config)
    i.SystemInit                             0x080066f0   Section        0  system_stm32f1xx.o(i.SystemInit)
    i.TIM_Base_SetConfig                     0x080066f4   Section        0  stm32f1xx_hal_tim.o(i.TIM_Base_SetConfig)
    i.TIM_CCxChannelCmd                      0x08006760   Section        0  stm32f1xx_hal_tim.o(i.TIM_CCxChannelCmd)
    i.TIM_OC1_SetConfig                      0x0800677c   Section        0  stm32f1xx_hal_tim.o(i.TIM_OC1_SetConfig)
    TIM_OC1_SetConfig                        0x0800677d   Thumb Code    90  stm32f1xx_hal_tim.o(i.TIM_OC1_SetConfig)
    i.TIM_OC2_SetConfig                      0x080067dc   Section        0  stm32f1xx_hal_tim.o(i.TIM_OC2_SetConfig)
    i.TIM_OC3_SetConfig                      0x08006840   Section        0  stm32f1xx_hal_tim.o(i.TIM_OC3_SetConfig)
    TIM_OC3_SetConfig                        0x08006841   Thumb Code    92  stm32f1xx_hal_tim.o(i.TIM_OC3_SetConfig)
    i.TIM_OC4_SetConfig                      0x080068a0   Section        0  stm32f1xx_hal_tim.o(i.TIM_OC4_SetConfig)
    TIM_OC4_SetConfig                        0x080068a1   Thumb Code    68  stm32f1xx_hal_tim.o(i.TIM_OC4_SetConfig)
    i.TXTragetBuf_Select                     0x080068e8   Section        0  control.o(i.TXTragetBuf_Select)
    TXTragetBuf_Select                       0x080068e9   Thumb Code    40  control.o(i.TXTragetBuf_Select)
    i.UART_SetConfig                         0x08006920   Section        0  stm32f1xx_hal_uart.o(i.UART_SetConfig)
    UART_SetConfig                           0x08006921   Thumb Code   178  stm32f1xx_hal_uart.o(i.UART_SetConfig)
    i.UsageFault_Handler                     0x080069d8   Section        0  stm32f1xx_it.o(i.UsageFault_Handler)
    i.__NVIC_SetPriority                     0x080069da   Section        0  stm32f1xx_hal_cortex.o(i.__NVIC_SetPriority)
    __NVIC_SetPriority                       0x080069db   Thumb Code    32  stm32f1xx_hal_cortex.o(i.__NVIC_SetPriority)
    i.__scatterload_copy                     0x080069fa   Section       14  handlers.o(i.__scatterload_copy)
    i.__scatterload_null                     0x08006a08   Section        2  handlers.o(i.__scatterload_null)
    i.__scatterload_zeroinit                 0x08006a0a   Section       14  handlers.o(i.__scatterload_zeroinit)
    i.color_Bin                              0x08006a18   Section        0  binval.o(i.color_Bin)
    i.color_Grayscale                        0x08006a48   Section        0  grayscale.o(i.color_Grayscale)
    i.color_init                             0x08006ae8   Section        0  color.o(i.color_init)
    i.control_iic_rx_CpltCallback            0x08006aec   Section        0  control.o(i.control_iic_rx_CpltCallback)
    i.control_iic_tx_CpltCallback            0x08006b14   Section        0  control.o(i.control_iic_tx_CpltCallback)
    i.flash_Init                             0x08006b18   Section        0  flash.o(i.flash_Init)
    i.getColorOffset                         0x08006b3c   Section        0  color.o(i.getColorOffset)
    getColorOffset                           0x08006b3d   Thumb Code    42  color.o(i.getColorOffset)
    i.get_flash_buf                          0x08006b68   Section        0  flash.o(i.get_flash_buf)
    i.loop                                   0x08006b70   Section        0  control.o(i.loop)
    i.lv_color_rgb_to_hsv                    0x08006b82   Section        0  hsv.o(i.lv_color_rgb_to_hsv)
    i.main                                   0x08006c64   Section        0  main.o(i.main)
    i.rgb2hsv                                0x08006c90   Section        0  hsv.o(i.rgb2hsv)
    i.setLinght                              0x08006d5c   Section        0  control.o(i.setLinght)
    i.setup                                  0x08006d70   Section        0  control.o(i.setup)
    i.study_BinVal                           0x08006dd4   Section        0  binval.o(i.study_BinVal)
    i.study_Grayscale                        0x08006ddc   Section        0  grayscale.o(i.study_Grayscale)
    i.updata_flash                           0x08006ee0   Section        0  flash.o(i.updata_flash)
    i.updata_flash_data                      0x08006eec   Section        0  flash.o(i.updata_flash_data)
    updata_flash_data                        0x08006eed   Thumb Code    78  flash.o(i.updata_flash_data)
    i.update_Grayscale_flashdata             0x08006f40   Section        0  grayscale.o(i.update_Grayscale_flashdata)
    update_Grayscale_flashdata               0x08006f41   Thumb Code    60  grayscale.o(i.update_Grayscale_flashdata)
    .constdata                               0x08006f80   Section       16  system_stm32f1xx.o(.constdata)
    .constdata                               0x08006f90   Section        8  system_stm32f1xx.o(.constdata)
    .constdata                               0x08006f98   Section       48  led.o(.constdata)
    LED_PIN_X                                0x08006f98   Data          48  led.o(.constdata)
    .constdata                               0x08006fc8   Section        4  protocol .o(.constdata)
    .constdata                               0x08006fcc   Section       24  color.o(.constdata)
    .data                                    0x20000000   Section       12  stm32f1xx_hal.o(.data)
    .data                                    0x2000000c   Section        4  system_stm32f1xx.o(.data)
    .data                                    0x20000010   Section       16  control.o(.data)
    NoDateBuf                                0x20000010   Data           6  control.o(.data)
    .data                                    0x20000020   Section        1  protocol .o(.data)
    .data                                    0x20000021   Section        3  color.o(.data)
    .data                                    0x20000024   Section        6  color.o(.data)
    .data                                    0x2000002a   Section        4  grayscale.o(.data)
    .data                                    0x20000030   Section       80  grayscale.o(.data)
    .data                                    0x20000080   Section        2  binval.o(.data)
    .data                                    0x20000082   Section        6  binval.o(.data)
    .bss                                     0x20000088   Section      116  adc.o(.bss)
    .bss                                     0x200000fc   Section       84  i2c.o(.bss)
    .bss                                     0x20000150   Section       72  tim.o(.bss)
    .bss                                     0x20000198   Section       68  usart.o(.bss)
    .bss                                     0x200001e0   Section       32  stm32f1xx_hal_flash.o(.bss)
    .bss                                     0x20000200   Section       24  control.o(.bss)
    .bss                                     0x20000218   Section       18  control.o(.bss)
    .bss                                     0x2000022c   Section       24  control.o(.bss)
    .bss                                     0x20000244   Section      200  flash.o(.bss)
    flash_buf                                0x20000244   Data         200  flash.o(.bss)
    .bss                                     0x2000030c   Section       72  color.o(.bss)
    color_bias                               0x2000030c   Data          72  color.o(.bss)
    .bss                                     0x20000354   Section       12  grayscale.o(.bss)
    Grayscale                                0x20000354   Data          12  grayscale.o(.bss)
    STACK                                    0x20000360   Section     1024  startup_stm32f103xb.o(STACK)

    Global Symbols

    Symbol Name                              Value     Ov Type        Size  Object(Section)

    BuildAttributes$$THM_ISAv4$P$D$K$B$S$PE$A:L22UL41UL21$X:L11$S22US41US21$IEEE1$IW$USESV6$~STKCKD$USESV7$~SHL$OTIME$ROPI$EBA8$MICROLIB$REQ8$PRES8$EABIv2 0x00000000   Number         0  anon$$obj.o ABSOLUTE
    __ARM_use_no_argv                        0x00000000   Number         0  main.o ABSOLUTE
    __cpp_initialize__aeabi_                  - Undefined Weak Reference
    __cxa_finalize                            - Undefined Weak Reference
    __decompress                              - Undefined Weak Reference
    _clock_init                               - Undefined Weak Reference
    _microlib_exit                            - Undefined Weak Reference
    __Vectors_Size                           0x000000ec   Number         0  startup_stm32f103xb.o ABSOLUTE
    __Vectors                                0x08003000   Data           4  startup_stm32f103xb.o(RESET)
    __Vectors_End                            0x080030ec   Data           0  startup_stm32f103xb.o(RESET)
    __main                                   0x080030ed   Thumb Code     0  entry.o(.ARM.Collect$$$$00000000)
    _main_stk                                0x080030ed   Thumb Code     0  entry2.o(.ARM.Collect$$$$00000001)
    _main_scatterload                        0x080030f1   Thumb Code     0  entry5.o(.ARM.Collect$$$$00000004)
    __main_after_scatterload                 0x080030f5   Thumb Code     0  entry5.o(.ARM.Collect$$$$00000004)
    _main_clock                              0x080030f5   Thumb Code     0  entry7b.o(.ARM.Collect$$$$00000008)
    _main_cpp_init                           0x080030f5   Thumb Code     0  entry8b.o(.ARM.Collect$$$$0000000A)
    _main_init                               0x080030f5   Thumb Code     0  entry9a.o(.ARM.Collect$$$$0000000B)
    __rt_final_cpp                           0x080030fd   Thumb Code     0  entry10a.o(.ARM.Collect$$$$0000000D)
    __rt_final_exit                          0x080030fd   Thumb Code     0  entry11a.o(.ARM.Collect$$$$0000000F)
    Reset_Handler                            0x08003101   Thumb Code     8  startup_stm32f103xb.o(.text)
    ADC1_2_IRQHandler                        0x0800311b   Thumb Code     0  startup_stm32f103xb.o(.text)
    CAN1_RX1_IRQHandler                      0x0800311b   Thumb Code     0  startup_stm32f103xb.o(.text)
    CAN1_SCE_IRQHandler                      0x0800311b   Thumb Code     0  startup_stm32f103xb.o(.text)
    DMA1_Channel1_IRQHandler                 0x0800311b   Thumb Code     0  startup_stm32f103xb.o(.text)
    DMA1_Channel2_IRQHandler                 0x0800311b   Thumb Code     0  startup_stm32f103xb.o(.text)
    DMA1_Channel3_IRQHandler                 0x0800311b   Thumb Code     0  startup_stm32f103xb.o(.text)
    DMA1_Channel4_IRQHandler                 0x0800311b   Thumb Code     0  startup_stm32f103xb.o(.text)
    DMA1_Channel5_IRQHandler                 0x0800311b   Thumb Code     0  startup_stm32f103xb.o(.text)
    DMA1_Channel6_IRQHandler                 0x0800311b   Thumb Code     0  startup_stm32f103xb.o(.text)
    DMA1_Channel7_IRQHandler                 0x0800311b   Thumb Code     0  startup_stm32f103xb.o(.text)
    EXTI0_IRQHandler                         0x0800311b   Thumb Code     0  startup_stm32f103xb.o(.text)
    EXTI15_10_IRQHandler                     0x0800311b   Thumb Code     0  startup_stm32f103xb.o(.text)
    EXTI1_IRQHandler                         0x0800311b   Thumb Code     0  startup_stm32f103xb.o(.text)
    EXTI2_IRQHandler                         0x0800311b   Thumb Code     0  startup_stm32f103xb.o(.text)
    EXTI3_IRQHandler                         0x0800311b   Thumb Code     0  startup_stm32f103xb.o(.text)
    EXTI4_IRQHandler                         0x0800311b   Thumb Code     0  startup_stm32f103xb.o(.text)
    EXTI9_5_IRQHandler                       0x0800311b   Thumb Code     0  startup_stm32f103xb.o(.text)
    FLASH_IRQHandler                         0x0800311b   Thumb Code     0  startup_stm32f103xb.o(.text)
    I2C2_ER_IRQHandler                       0x0800311b   Thumb Code     0  startup_stm32f103xb.o(.text)
    I2C2_EV_IRQHandler                       0x0800311b   Thumb Code     0  startup_stm32f103xb.o(.text)
    PVD_IRQHandler                           0x0800311b   Thumb Code     0  startup_stm32f103xb.o(.text)
    RCC_IRQHandler                           0x0800311b   Thumb Code     0  startup_stm32f103xb.o(.text)
    RTC_Alarm_IRQHandler                     0x0800311b   Thumb Code     0  startup_stm32f103xb.o(.text)
    RTC_IRQHandler                           0x0800311b   Thumb Code     0  startup_stm32f103xb.o(.text)
    SPI1_IRQHandler                          0x0800311b   Thumb Code     0  startup_stm32f103xb.o(.text)
    SPI2_IRQHandler                          0x0800311b   Thumb Code     0  startup_stm32f103xb.o(.text)
    TAMPER_IRQHandler                        0x0800311b   Thumb Code     0  startup_stm32f103xb.o(.text)
    TIM1_BRK_IRQHandler                      0x0800311b   Thumb Code     0  startup_stm32f103xb.o(.text)
    TIM1_CC_IRQHandler                       0x0800311b   Thumb Code     0  startup_stm32f103xb.o(.text)
    TIM1_TRG_COM_IRQHandler                  0x0800311b   Thumb Code     0  startup_stm32f103xb.o(.text)
    TIM1_UP_IRQHandler                       0x0800311b   Thumb Code     0  startup_stm32f103xb.o(.text)
    TIM2_IRQHandler                          0x0800311b   Thumb Code     0  startup_stm32f103xb.o(.text)
    TIM3_IRQHandler                          0x0800311b   Thumb Code     0  startup_stm32f103xb.o(.text)
    TIM4_IRQHandler                          0x0800311b   Thumb Code     0  startup_stm32f103xb.o(.text)
    USART1_IRQHandler                        0x0800311b   Thumb Code     0  startup_stm32f103xb.o(.text)
    USART2_IRQHandler                        0x0800311b   Thumb Code     0  startup_stm32f103xb.o(.text)
    USART3_IRQHandler                        0x0800311b   Thumb Code     0  startup_stm32f103xb.o(.text)
    USBWakeUp_IRQHandler                     0x0800311b   Thumb Code     0  startup_stm32f103xb.o(.text)
    USB_HP_CAN1_TX_IRQHandler                0x0800311b   Thumb Code     0  startup_stm32f103xb.o(.text)
    USB_LP_CAN1_RX0_IRQHandler               0x0800311b   Thumb Code     0  startup_stm32f103xb.o(.text)
    WWDG_IRQHandler                          0x0800311b   Thumb Code     0  startup_stm32f103xb.o(.text)
    __aeabi_llsr                             0x08003125   Thumb Code    32  llushr.o(.text)
    _ll_ushift_r                             0x08003125   Thumb Code     0  llushr.o(.text)
    __aeabi_memset                           0x08003145   Thumb Code    14  memseta.o(.text)
    __aeabi_memset4                          0x08003145   Thumb Code     0  memseta.o(.text)
    __aeabi_memset8                          0x08003145   Thumb Code     0  memseta.o(.text)
    __aeabi_memclr                           0x08003153   Thumb Code     4  memseta.o(.text)
    __aeabi_memclr4                          0x08003153   Thumb Code     0  memseta.o(.text)
    __aeabi_memclr8                          0x08003153   Thumb Code     0  memseta.o(.text)
    _memset$wrapper                          0x08003157   Thumb Code    18  memseta.o(.text)
    __aeabi_fmul                             0x08003169   Thumb Code   100  fmul.o(.text)
    __aeabi_fdiv                             0x080031cd   Thumb Code   124  fdiv.o(.text)
    __aeabi_i2f                              0x08003249   Thumb Code    18  fflti.o(.text)
    __aeabi_f2iz                             0x0800325b   Thumb Code    50  ffixi.o(.text)
    __I$use$fp                               0x0800328d   Thumb Code     0  iusefp.o(.text)
    _float_round                             0x0800328d   Thumb Code    18  fepilogue.o(.text)
    _float_epilogue                          0x0800329f   Thumb Code    92  fepilogue.o(.text)
    __scatterload                            0x080032fd   Thumb Code    28  init.o(.text)
    __scatterload_rt2                        0x080032fd   Thumb Code     0  init.o(.text)
    ADC_ConversionStop_Disable               0x08003321   Thumb Code    84  stm32f1xx_hal_adc.o(i.ADC_ConversionStop_Disable)
    ADC_DMAConvCplt                          0x08003375   Thumb Code    78  stm32f1xx_hal_adc.o(i.ADC_DMAConvCplt)
    ADC_DMAError                             0x080033c3   Thumb Code    26  stm32f1xx_hal_adc.o(i.ADC_DMAError)
    ADC_DMAHalfConvCplt                      0x080033dd   Thumb Code    10  stm32f1xx_hal_adc.o(i.ADC_DMAHalfConvCplt)
    ADC_Enable                               0x080033e9   Thumb Code   118  stm32f1xx_hal_adc.o(i.ADC_Enable)
    BinVal_Init                              0x08003469   Thumb Code     2  binval.o(i.BinVal_Init)
    BusFault_Handler                         0x0800346b   Thumb Code     2  stm32f1xx_it.o(i.BusFault_Handler)
    Color_Recongnition                       0x0800346d   Thumb Code   144  color.o(i.Color_Recongnition)
    DebugMon_Handler                         0x080035dd   Thumb Code     2  stm32f1xx_it.o(i.DebugMon_Handler)
    Error_Handler                            0x080035df   Thumb Code     4  main.o(i.Error_Handler)
    FLASH_PageErase                          0x08003609   Thumb Code    28  stm32f1xx_hal_flash_ex.o(i.FLASH_PageErase)
    FLASH_WaitForLastOperation               0x080036a5   Thumb Code    80  stm32f1xx_hal_flash.o(i.FLASH_WaitForLastOperation)
    Grayscale_Init                           0x080036f9   Thumb Code    54  grayscale.o(i.Grayscale_Init)
    HAL_ADCEx_Calibration_Start              0x08003735   Thumb Code   238  stm32f1xx_hal_adc_ex.o(i.HAL_ADCEx_Calibration_Start)
    HAL_ADC_ConfigChannel                    0x08003829   Thumb Code   250  stm32f1xx_hal_adc.o(i.HAL_ADC_ConfigChannel)
    HAL_ADC_ConvCpltCallback                 0x08003931   Thumb Code     2  stm32f1xx_hal_adc.o(i.HAL_ADC_ConvCpltCallback)
    HAL_ADC_ConvHalfCpltCallback             0x08003933   Thumb Code     2  stm32f1xx_hal_adc.o(i.HAL_ADC_ConvHalfCpltCallback)
    HAL_ADC_ErrorCallback                    0x08003935   Thumb Code     2  stm32f1xx_hal_adc.o(i.HAL_ADC_ErrorCallback)
    HAL_ADC_Init                             0x08003939   Thumb Code   274  stm32f1xx_hal_adc.o(i.HAL_ADC_Init)
    HAL_ADC_MspInit                          0x08003a55   Thumb Code   122  adc.o(i.HAL_ADC_MspInit)
    HAL_ADC_Start_DMA                        0x08003ae5   Thumb Code   268  stm32f1xx_hal_adc.o(i.HAL_ADC_Start_DMA)
    HAL_DMA_Abort_IT                         0x08003c05   Thumb Code   148  stm32f1xx_hal_dma.o(i.HAL_DMA_Abort_IT)
    HAL_DMA_GetState                         0x08003c9d   Thumb Code     6  stm32f1xx_hal_dma.o(i.HAL_DMA_GetState)
    HAL_DMA_Init                             0x08003ca5   Thumb Code    90  stm32f1xx_hal_dma.o(i.HAL_DMA_Init)
    HAL_DMA_Start_IT                         0x08003d09   Thumb Code   116  stm32f1xx_hal_dma.o(i.HAL_DMA_Start_IT)
    HAL_Delay                                0x08003d7d   Thumb Code    32  stm32f1xx_hal.o(i.HAL_Delay)
    HAL_FLASHEx_Erase                        0x08003da1   Thumb Code   158  stm32f1xx_hal_flash_ex.o(i.HAL_FLASHEx_Erase)
    HAL_FLASH_Lock                           0x08003e49   Thumb Code    14  stm32f1xx_hal_flash.o(i.HAL_FLASH_Lock)
    HAL_FLASH_Program                        0x08003e5d   Thumb Code   132  stm32f1xx_hal_flash.o(i.HAL_FLASH_Program)
    HAL_FLASH_Unlock                         0x08003ee9   Thumb Code    28  stm32f1xx_hal_flash.o(i.HAL_FLASH_Unlock)
    HAL_GPIO_DeInit                          0x08003f11   Thumb Code   208  stm32f1xx_hal_gpio.o(i.HAL_GPIO_DeInit)
    HAL_GPIO_Init                            0x08003ff9   Thumb Code   464  stm32f1xx_hal_gpio.o(i.HAL_GPIO_Init)
    HAL_GPIO_ReadPin                         0x080041e9   Thumb Code    14  stm32f1xx_hal_gpio.o(i.HAL_GPIO_ReadPin)
    HAL_GPIO_WritePin                        0x080041f7   Thumb Code    14  stm32f1xx_hal_gpio.o(i.HAL_GPIO_WritePin)
    HAL_GetTick                              0x08004205   Thumb Code     6  stm32f1xx_hal.o(i.HAL_GetTick)
    HAL_I2C_AbortCpltCallback                0x08004211   Thumb Code     2  stm32f1xx_hal_i2c.o(i.HAL_I2C_AbortCpltCallback)
    HAL_I2C_AddrCallback                     0x08004215   Thumb Code    36  protocol .o(i.HAL_I2C_AddrCallback)
    HAL_I2C_DeInit                           0x08004241   Thumb Code    50  stm32f1xx_hal_i2c.o(i.HAL_I2C_DeInit)
    HAL_I2C_ER_IRQHandler                    0x08004273   Thumb Code   196  stm32f1xx_hal_i2c.o(i.HAL_I2C_ER_IRQHandler)
    HAL_I2C_EV_IRQHandler                    0x08004337   Thumb Code   412  stm32f1xx_hal_i2c.o(i.HAL_I2C_EV_IRQHandler)
    HAL_I2C_EnableListen_IT                  0x080044d3   Thumb Code    58  stm32f1xx_hal_i2c.o(i.HAL_I2C_EnableListen_IT)
    HAL_I2C_ErrorCallback                    0x0800450d   Thumb Code     4  protocol .o(i.HAL_I2C_ErrorCallback)
    HAL_I2C_Init                             0x08004511   Thumb Code   392  stm32f1xx_hal_i2c.o(i.HAL_I2C_Init)
    HAL_I2C_ListenCpltCallback               0x080046a9   Thumb Code     4  protocol .o(i.HAL_I2C_ListenCpltCallback)
    HAL_I2C_MasterRxCpltCallback             0x080046ad   Thumb Code     2  stm32f1xx_hal_i2c.o(i.HAL_I2C_MasterRxCpltCallback)
    HAL_I2C_MasterTxCpltCallback             0x080046af   Thumb Code     2  stm32f1xx_hal_i2c.o(i.HAL_I2C_MasterTxCpltCallback)
    HAL_I2C_MemRxCpltCallback                0x080046b1   Thumb Code     2  stm32f1xx_hal_i2c.o(i.HAL_I2C_MemRxCpltCallback)
    HAL_I2C_MemTxCpltCallback                0x080046b3   Thumb Code     2  stm32f1xx_hal_i2c.o(i.HAL_I2C_MemTxCpltCallback)
    HAL_I2C_MspDeInit                        0x080046b5   Thumb Code    56  i2c.o(i.HAL_I2C_MspDeInit)
    HAL_I2C_MspInit                          0x080046f9   Thumb Code   128  i2c.o(i.HAL_I2C_MspInit)
    HAL_I2C_SlaveRxCpltCallback              0x08004789   Thumb Code     4  protocol .o(i.HAL_I2C_SlaveRxCpltCallback)
    HAL_I2C_SlaveTxCpltCallback              0x0800478d   Thumb Code     4  protocol .o(i.HAL_I2C_SlaveTxCpltCallback)
    HAL_I2C_Slave_Seq_Receive_IT             0x08004791   Thumb Code   120  stm32f1xx_hal_i2c.o(i.HAL_I2C_Slave_Seq_Receive_IT)
    HAL_I2C_Slave_Seq_Transmit_IT            0x08004809   Thumb Code   120  stm32f1xx_hal_i2c.o(i.HAL_I2C_Slave_Seq_Transmit_IT)
    HAL_IncTick                              0x08004881   Thumb Code    12  stm32f1xx_hal.o(i.HAL_IncTick)
    HAL_Init                                 0x08004891   Thumb Code    32  stm32f1xx_hal.o(i.HAL_Init)
    HAL_InitTick                             0x080048b5   Thumb Code    58  stm32f1xx_hal.o(i.HAL_InitTick)
    HAL_MspInit                              0x080048f9   Thumb Code    52  stm32f1xx_hal_msp.o(i.HAL_MspInit)
    HAL_NVIC_DisableIRQ                      0x08004935   Thumb Code    34  stm32f1xx_hal_cortex.o(i.HAL_NVIC_DisableIRQ)
    HAL_NVIC_EnableIRQ                       0x08004957   Thumb Code    26  stm32f1xx_hal_cortex.o(i.HAL_NVIC_EnableIRQ)
    HAL_NVIC_SetPriority                     0x08004971   Thumb Code    60  stm32f1xx_hal_cortex.o(i.HAL_NVIC_SetPriority)
    HAL_NVIC_SetPriorityGrouping             0x080049b1   Thumb Code    26  stm32f1xx_hal_cortex.o(i.HAL_NVIC_SetPriorityGrouping)
    HAL_RCCEx_GetPeriphCLKFreq               0x080049d5   Thumb Code   176  stm32f1xx_hal_rcc_ex.o(i.HAL_RCCEx_GetPeriphCLKFreq)
    HAL_RCCEx_PeriphCLKConfig                0x08004aa5   Thumb Code   256  stm32f1xx_hal_rcc_ex.o(i.HAL_RCCEx_PeriphCLKConfig)
    HAL_RCC_CSSCallback                      0x08004bb1   Thumb Code     2  stm32f1xx_hal_rcc.o(i.HAL_RCC_CSSCallback)
    HAL_RCC_ClockConfig                      0x08004bb5   Thumb Code   318  stm32f1xx_hal_rcc.o(i.HAL_RCC_ClockConfig)
    HAL_RCC_EnableCSS                        0x08004d09   Thumb Code     8  stm32f1xx_hal_rcc.o(i.HAL_RCC_EnableCSS)
    HAL_RCC_GetHCLKFreq                      0x08004d15   Thumb Code     6  stm32f1xx_hal_rcc.o(i.HAL_RCC_GetHCLKFreq)
    HAL_RCC_GetPCLK1Freq                     0x08004d21   Thumb Code    22  stm32f1xx_hal_rcc.o(i.HAL_RCC_GetPCLK1Freq)
    HAL_RCC_GetPCLK2Freq                     0x08004d41   Thumb Code    22  stm32f1xx_hal_rcc.o(i.HAL_RCC_GetPCLK2Freq)
    HAL_RCC_GetSysClockFreq                  0x08004d61   Thumb Code    82  stm32f1xx_hal_rcc.o(i.HAL_RCC_GetSysClockFreq)
    HAL_RCC_NMI_IRQHandler                   0x08004dd5   Thumb Code    20  stm32f1xx_hal_rcc.o(i.HAL_RCC_NMI_IRQHandler)
    HAL_RCC_OscConfig                        0x08004ded   Thumb Code   882  stm32f1xx_hal_rcc.o(i.HAL_RCC_OscConfig)
    HAL_SYSTICK_Config                       0x08005171   Thumb Code    40  stm32f1xx_hal_cortex.o(i.HAL_SYSTICK_Config)
    HAL_TIMEx_ConfigBreakDeadTime            0x08005199   Thumb Code    84  stm32f1xx_hal_tim_ex.o(i.HAL_TIMEx_ConfigBreakDeadTime)
    HAL_TIMEx_MasterConfigSynchronization    0x080051ed   Thumb Code    90  stm32f1xx_hal_tim_ex.o(i.HAL_TIMEx_MasterConfigSynchronization)
    HAL_TIM_MspPostInit                      0x08005255   Thumb Code    64  tim.o(i.HAL_TIM_MspPostInit)
    HAL_TIM_PWM_ConfigChannel                0x080052a1   Thumb Code   210  stm32f1xx_hal_tim.o(i.HAL_TIM_PWM_ConfigChannel)
    HAL_TIM_PWM_Init                         0x08005373   Thumb Code    74  stm32f1xx_hal_tim.o(i.HAL_TIM_PWM_Init)
    HAL_TIM_PWM_MspInit                      0x080053bd   Thumb Code    30  tim.o(i.HAL_TIM_PWM_MspInit)
    HAL_TIM_PWM_Start                        0x080053e5   Thumb Code   160  stm32f1xx_hal_tim.o(i.HAL_TIM_PWM_Start)
    HAL_UART_Init                            0x08005491   Thumb Code   100  stm32f1xx_hal_uart.o(i.HAL_UART_Init)
    HAL_UART_MspInit                         0x080054f5   Thumb Code   112  usart.o(i.HAL_UART_MspInit)
    HardFault_Handler                        0x08005575   Thumb Code     2  stm32f1xx_it.o(i.HardFault_Handler)
    I2C1_ER_IRQHandler                       0x08005579   Thumb Code     6  stm32f1xx_it.o(i.I2C1_ER_IRQHandler)
    I2C1_EV_IRQHandler                       0x08005585   Thumb Code     6  stm32f1xx_it.o(i.I2C1_EV_IRQHandler)
    I2C_Slave_Forced_UP                      0x08005f85   Thumb Code    82  protocol .o(i.I2C_Slave_Forced_UP)
    I2C_Slave_Rest                           0x08005fe1   Thumb Code    32  protocol .o(i.I2C_Slave_Rest)
    LED_Init                                 0x0800624d   Thumb Code     6  led.o(i.LED_Init)
    LED_RBG_SET                              0x08006255   Thumb Code    50  led_rgb.o(i.LED_RBG_SET)
    LED_Run                                  0x0800628d   Thumb Code   124  led.o(i.LED_Run)
    LED_SET_ALL                              0x08006319   Thumb Code    42  led.o(i.LED_SET_ALL)
    MX_ADC1_Init                             0x08006349   Thumb Code   172  adc.o(i.MX_ADC1_Init)
    MX_DMA_Init                              0x080063fd   Thumb Code    22  dma.o(i.MX_DMA_Init)
    MX_GPIO_Init                             0x08006419   Thumb Code   158  gpio.o(i.MX_GPIO_Init)
    MX_I2C1_Init                             0x080064c5   Thumb Code    64  i2c.o(i.MX_I2C1_Init)
    MX_TIM1_Init                             0x08006519   Thumb Code   182  tim.o(i.MX_TIM1_Init)
    MX_USART1_UART_Init                      0x080065d9   Thumb Code    48  usart.o(i.MX_USART1_UART_Init)
    MemManage_Handler                        0x08006611   Thumb Code     2  stm32f1xx_it.o(i.MemManage_Handler)
    NMI_Handler                              0x08006613   Thumb Code     6  stm32f1xx_it.o(i.NMI_Handler)
    PendSV_Handler                           0x08006619   Thumb Code     2  stm32f1xx_it.o(i.PendSV_Handler)
    SVC_Handler                              0x08006641   Thumb Code     2  stm32f1xx_it.o(i.SVC_Handler)
    ServerI2C_Init                           0x08006645   Thumb Code    36  protocol .o(i.ServerI2C_Init)
    SysTick_Handler                          0x08006671   Thumb Code     4  stm32f1xx_it.o(i.SysTick_Handler)
    SystemClock_Config                       0x08006675   Thumb Code   124  main.o(i.SystemClock_Config)
    SystemInit                               0x080066f1   Thumb Code     2  system_stm32f1xx.o(i.SystemInit)
    TIM_Base_SetConfig                       0x080066f5   Thumb Code    94  stm32f1xx_hal_tim.o(i.TIM_Base_SetConfig)
    TIM_CCxChannelCmd                        0x08006761   Thumb Code    26  stm32f1xx_hal_tim.o(i.TIM_CCxChannelCmd)
    TIM_OC2_SetConfig                        0x080067dd   Thumb Code    94  stm32f1xx_hal_tim.o(i.TIM_OC2_SetConfig)
    UsageFault_Handler                       0x080069d9   Thumb Code     2  stm32f1xx_it.o(i.UsageFault_Handler)
    __scatterload_copy                       0x080069fb   Thumb Code    14  handlers.o(i.__scatterload_copy)
    __scatterload_null                       0x08006a09   Thumb Code     2  handlers.o(i.__scatterload_null)
    __scatterload_zeroinit                   0x08006a0b   Thumb Code    14  handlers.o(i.__scatterload_zeroinit)
    color_Bin                                0x08006a19   Thumb Code    40  binval.o(i.color_Bin)
    color_Grayscale                          0x08006a49   Thumb Code   148  grayscale.o(i.color_Grayscale)
    color_init                               0x08006ae9   Thumb Code     2  color.o(i.color_init)
    control_iic_rx_CpltCallback              0x08006aed   Thumb Code    26  control.o(i.control_iic_rx_CpltCallback)
    control_iic_tx_CpltCallback              0x08006b15   Thumb Code     2  control.o(i.control_iic_tx_CpltCallback)
    flash_Init                               0x08006b19   Thumb Code    28  flash.o(i.flash_Init)
    get_flash_buf                            0x08006b69   Thumb Code     4  flash.o(i.get_flash_buf)
    loop                                     0x08006b71   Thumb Code    18  control.o(i.loop)
    lv_color_rgb_to_hsv                      0x08006b83   Thumb Code   226  hsv.o(i.lv_color_rgb_to_hsv)
    main                                     0x08006c65   Thumb Code    42  main.o(i.main)
    rgb2hsv                                  0x08006c91   Thumb Code   192  hsv.o(i.rgb2hsv)
    setLinght                                0x08006d5d   Thumb Code    14  control.o(i.setLinght)
    setup                                    0x08006d71   Thumb Code    82  control.o(i.setup)
    study_BinVal                             0x08006dd5   Thumb Code     8  binval.o(i.study_BinVal)
    study_Grayscale                          0x08006ddd   Thumb Code   242  grayscale.o(i.study_Grayscale)
    updata_flash                             0x08006ee1   Thumb Code     8  flash.o(i.updata_flash)
    AHBPrescTable                            0x08006f80   Data          16  system_stm32f1xx.o(.constdata)
    APBPrescTable                            0x08006f90   Data           8  system_stm32f1xx.o(.constdata)
    SecAlaveAddrArray                        0x08006fc8   Data           4  protocol .o(.constdata)
    color_table                              0x08006fcc   Data          24  color.o(.constdata)
    Region$$Table$$Base                      0x08006fe4   Number         0  anon$$obj.o(Region$$Table)
    Region$$Table$$Limit                     0x08007004   Number         0  anon$$obj.o(Region$$Table)
    uwTickFreq                               0x20000000   Data           1  stm32f1xx_hal.o(.data)
    uwTickPrio                               0x20000004   Data           4  stm32f1xx_hal.o(.data)
    uwTick                                   0x20000008   Data           4  stm32f1xx_hal.o(.data)
    SystemCoreClock                          0x2000000c   Data           4  system_stm32f1xx.o(.data)
    control                                  0x20000018   Data           8  control.o(.data)
    SecAlaveAddrPos                          0x20000020   Data           1  protocol .o(.data)
    colorControl                             0x20000021   Data           3  color.o(.data)
    color                                    0x20000024   Data           6  color.o(.data)
    GrayControl                              0x2000002a   Data           4  grayscale.o(.data)
    GrayVal                                  0x20000030   Data           6  grayscale.o(.data)
    Grayscale_Port_param                     0x20000038   Data          72  grayscale.o(.data)
    BinValControl                            0x20000080   Data           2  binval.o(.data)
    bincolor                                 0x20000082   Data           6  binval.o(.data)
    hadc1                                    0x20000088   Data          48  adc.o(.bss)
    hdma_adc1                                0x200000b8   Data          68  adc.o(.bss)
    hi2c1                                    0x200000fc   Data          84  i2c.o(.bss)
    htim1                                    0x20000150   Data          72  tim.o(.bss)
    huart1                                   0x20000198   Data          68  usart.o(.bss)
    pFlash                                   0x200001e0   Data          32  stm32f1xx_hal_flash.o(.bss)
    Light_HSV                                0x20000200   Data          24  control.o(.bss)
    Light_RGB                                0x20000218   Data          18  control.o(.bss)
    adcVal                                   0x2000022c   Data          24  control.o(.bss)
    __initial_sp                             0x20000760   Data           0  startup_stm32f103xb.o(STACK)



==============================================================================

Memory Map of the image

  Image Entry point : 0x080030ed

  Load Region LR_IROM1 (Base: 0x08003000, Size: 0x0000408c, Max: 0x0000d000, ABSOLUTE)

    Execution Region ER_IROM1 (Exec base: 0x08003000, Load base: 0x08003000, Size: 0x00004004, Max: 0x0000d000, ABSOLUTE)

    Exec Addr    Load Addr    Size         Type   Attr      Idx    E Section Name        Object

    0x08003000   0x08003000   0x000000ec   Data   RO            3    RESET               startup_stm32f103xb.o
    0x080030ec   0x080030ec   0x00000000   Code   RO         4176  * .ARM.Collect$$$$00000000  mc_w.l(entry.o)
    0x080030ec   0x080030ec   0x00000004   Code   RO         4191    .ARM.Collect$$$$00000001  mc_w.l(entry2.o)
    0x080030f0   0x080030f0   0x00000004   Code   RO         4194    .ARM.Collect$$$$00000004  mc_w.l(entry5.o)
    0x080030f4   0x080030f4   0x00000000   Code   RO         4196    .ARM.Collect$$$$00000008  mc_w.l(entry7b.o)
    0x080030f4   0x080030f4   0x00000000   Code   RO         4198    .ARM.Collect$$$$0000000A  mc_w.l(entry8b.o)
    0x080030f4   0x080030f4   0x00000008   Code   RO         4199    .ARM.Collect$$$$0000000B  mc_w.l(entry9a.o)
    0x080030fc   0x080030fc   0x00000000   Code   RO         4201    .ARM.Collect$$$$0000000D  mc_w.l(entry10a.o)
    0x080030fc   0x080030fc   0x00000000   Code   RO         4203    .ARM.Collect$$$$0000000F  mc_w.l(entry11a.o)
    0x080030fc   0x080030fc   0x00000004   Code   RO         4192    .ARM.Collect$$$$00002712  mc_w.l(entry2.o)
    0x08003100   0x08003100   0x00000024   Code   RO            4    .text               startup_stm32f103xb.o
    0x08003124   0x08003124   0x00000020   Code   RO         4179    .text               mc_w.l(llushr.o)
    0x08003144   0x08003144   0x00000024   Code   RO         4181    .text               mc_w.l(memseta.o)
    0x08003168   0x08003168   0x00000064   Code   RO         4183    .text               mf_w.l(fmul.o)
    0x080031cc   0x080031cc   0x0000007c   Code   RO         4185    .text               mf_w.l(fdiv.o)
    0x08003248   0x08003248   0x00000012   Code   RO         4187    .text               mf_w.l(fflti.o)
    0x0800325a   0x0800325a   0x00000032   Code   RO         4189    .text               mf_w.l(ffixi.o)
    0x0800328c   0x0800328c   0x00000000   Code   RO         4205    .text               mc_w.l(iusefp.o)
    0x0800328c   0x0800328c   0x0000006e   Code   RO         4206    .text               mf_w.l(fepilogue.o)
    0x080032fa   0x080032fa   0x00000002   PAD
    0x080032fc   0x080032fc   0x00000024   Code   RO         4208    .text               mc_w.l(init.o)
    0x08003320   0x08003320   0x00000054   Code   RO          559    i.ADC_ConversionStop_Disable  stm32f1xx_hal_adc.o
    0x08003374   0x08003374   0x0000004e   Code   RO          560    i.ADC_DMAConvCplt   stm32f1xx_hal_adc.o
    0x080033c2   0x080033c2   0x0000001a   Code   RO          561    i.ADC_DMAError      stm32f1xx_hal_adc.o
    0x080033dc   0x080033dc   0x0000000a   Code   RO          562    i.ADC_DMAHalfConvCplt  stm32f1xx_hal_adc.o
    0x080033e6   0x080033e6   0x00000002   PAD
    0x080033e8   0x080033e8   0x00000080   Code   RO          563    i.ADC_Enable        stm32f1xx_hal_adc.o
    0x08003468   0x08003468   0x00000002   Code   RO         4132    i.BinVal_Init       binval.o
    0x0800346a   0x0800346a   0x00000002   Code   RO          411    i.BusFault_Handler  stm32f1xx_it.o
    0x0800346c   0x0800346c   0x000000a0   Code   RO         4029    i.Color_Recongnition  color.o
    0x0800350c   0x0800350c   0x0000000c   Code   RO         3776    i.Control_Init      control.o
    0x08003518   0x08003518   0x00000098   Code   RO         3777    i.Control_Run       control.o
    0x080035b0   0x080035b0   0x0000002c   Code   RO         1218    i.DMA_SetConfig     stm32f1xx_hal_dma.o
    0x080035dc   0x080035dc   0x00000002   Code   RO          412    i.DebugMon_Handler  stm32f1xx_it.o
    0x080035de   0x080035de   0x00000004   Code   RO           13    i.Error_Handler     main.o
    0x080035e2   0x080035e2   0x00000002   PAD
    0x080035e4   0x080035e4   0x00000024   Code   RO         1658    i.FLASH_MassErase   stm32f1xx_hal_flash_ex.o
    0x08003608   0x08003608   0x00000024   Code   RO         1667    i.FLASH_PageErase   stm32f1xx_hal_flash_ex.o
    0x0800362c   0x0800362c   0x0000001c   Code   RO         1555    i.FLASH_Program_HalfWord  stm32f1xx_hal_flash.o
    0x08003648   0x08003648   0x0000005c   Code   RO         1556    i.FLASH_SetErrorCode  stm32f1xx_hal_flash.o
    0x080036a4   0x080036a4   0x00000054   Code   RO         1557    i.FLASH_WaitForLastOperation  stm32f1xx_hal_flash.o
    0x080036f8   0x080036f8   0x0000003c   Code   RO         4076    i.Grayscale_Init    grayscale.o
    0x08003734   0x08003734   0x000000f4   Code   RO          739    i.HAL_ADCEx_Calibration_Start  stm32f1xx_hal_adc_ex.o
    0x08003828   0x08003828   0x00000108   Code   RO          565    i.HAL_ADC_ConfigChannel  stm32f1xx_hal_adc.o
    0x08003930   0x08003930   0x00000002   Code   RO          566    i.HAL_ADC_ConvCpltCallback  stm32f1xx_hal_adc.o
    0x08003932   0x08003932   0x00000002   Code   RO          567    i.HAL_ADC_ConvHalfCpltCallback  stm32f1xx_hal_adc.o
    0x08003934   0x08003934   0x00000002   Code   RO          569    i.HAL_ADC_ErrorCallback  stm32f1xx_hal_adc.o
    0x08003936   0x08003936   0x00000002   PAD
    0x08003938   0x08003938   0x0000011c   Code   RO          574    i.HAL_ADC_Init      stm32f1xx_hal_adc.o
    0x08003a54   0x08003a54   0x00000090   Code   RO          200    i.HAL_ADC_MspInit   adc.o
    0x08003ae4   0x08003ae4   0x00000120   Code   RO          581    i.HAL_ADC_Start_DMA  stm32f1xx_hal_adc.o
    0x08003c04   0x08003c04   0x00000098   Code   RO         1220    i.HAL_DMA_Abort_IT  stm32f1xx_hal_dma.o
    0x08003c9c   0x08003c9c   0x00000006   Code   RO         1223    i.HAL_DMA_GetState  stm32f1xx_hal_dma.o
    0x08003ca2   0x08003ca2   0x00000002   PAD
    0x08003ca4   0x08003ca4   0x00000064   Code   RO         1225    i.HAL_DMA_Init      stm32f1xx_hal_dma.o
    0x08003d08   0x08003d08   0x00000074   Code   RO         1229    i.HAL_DMA_Start_IT  stm32f1xx_hal_dma.o
    0x08003d7c   0x08003d7c   0x00000024   Code   RO          842    i.HAL_Delay         stm32f1xx_hal.o
    0x08003da0   0x08003da0   0x000000a8   Code   RO         1668    i.HAL_FLASHEx_Erase  stm32f1xx_hal_flash_ex.o
    0x08003e48   0x08003e48   0x00000014   Code   RO         1561    i.HAL_FLASH_Lock    stm32f1xx_hal_flash.o
    0x08003e5c   0x08003e5c   0x0000008c   Code   RO         1566    i.HAL_FLASH_Program  stm32f1xx_hal_flash.o
    0x08003ee8   0x08003ee8   0x00000028   Code   RO         1568    i.HAL_FLASH_Unlock  stm32f1xx_hal_flash.o
    0x08003f10   0x08003f10   0x000000e8   Code   RO         1152    i.HAL_GPIO_DeInit   stm32f1xx_hal_gpio.o
    0x08003ff8   0x08003ff8   0x000001f0   Code   RO         1155    i.HAL_GPIO_Init     stm32f1xx_hal_gpio.o
    0x080041e8   0x080041e8   0x0000000e   Code   RO         1157    i.HAL_GPIO_ReadPin  stm32f1xx_hal_gpio.o
    0x080041f6   0x080041f6   0x0000000e   Code   RO         1159    i.HAL_GPIO_WritePin  stm32f1xx_hal_gpio.o
    0x08004204   0x08004204   0x0000000c   Code   RO          846    i.HAL_GetTick       stm32f1xx_hal.o
    0x08004210   0x08004210   0x00000002   Code   RO         1836    i.HAL_I2C_AbortCpltCallback  stm32f1xx_hal_i2c.o
    0x08004212   0x08004212   0x00000002   PAD
    0x08004214   0x08004214   0x0000002c   Code   RO         3873    i.HAL_I2C_AddrCallback  protocol .o
    0x08004240   0x08004240   0x00000032   Code   RO         1838    i.HAL_I2C_DeInit    stm32f1xx_hal_i2c.o
    0x08004272   0x08004272   0x000000c4   Code   RO         1840    i.HAL_I2C_ER_IRQHandler  stm32f1xx_hal_i2c.o
    0x08004336   0x08004336   0x0000019c   Code   RO         1841    i.HAL_I2C_EV_IRQHandler  stm32f1xx_hal_i2c.o
    0x080044d2   0x080044d2   0x0000003a   Code   RO         1842    i.HAL_I2C_EnableListen_IT  stm32f1xx_hal_i2c.o
    0x0800450c   0x0800450c   0x00000004   Code   RO         3874    i.HAL_I2C_ErrorCallback  protocol .o
    0x08004510   0x08004510   0x00000198   Code   RO         1847    i.HAL_I2C_Init      stm32f1xx_hal_i2c.o
    0x080046a8   0x080046a8   0x00000004   Code   RO         3875    i.HAL_I2C_ListenCpltCallback  protocol .o
    0x080046ac   0x080046ac   0x00000002   Code   RO         1850    i.HAL_I2C_MasterRxCpltCallback  stm32f1xx_hal_i2c.o
    0x080046ae   0x080046ae   0x00000002   Code   RO         1851    i.HAL_I2C_MasterTxCpltCallback  stm32f1xx_hal_i2c.o
    0x080046b0   0x080046b0   0x00000002   Code   RO         1863    i.HAL_I2C_MemRxCpltCallback  stm32f1xx_hal_i2c.o
    0x080046b2   0x080046b2   0x00000002   Code   RO         1864    i.HAL_I2C_MemTxCpltCallback  stm32f1xx_hal_i2c.o
    0x080046b4   0x080046b4   0x00000044   Code   RO          265    i.HAL_I2C_MspDeInit  i2c.o
    0x080046f8   0x080046f8   0x00000090   Code   RO          266    i.HAL_I2C_MspInit   i2c.o
    0x08004788   0x08004788   0x00000004   Code   RO         3876    i.HAL_I2C_SlaveRxCpltCallback  protocol .o
    0x0800478c   0x0800478c   0x00000004   Code   RO         3877    i.HAL_I2C_SlaveTxCpltCallback  protocol .o
    0x08004790   0x08004790   0x00000078   Code   RO         1879    i.HAL_I2C_Slave_Seq_Receive_IT  stm32f1xx_hal_i2c.o
    0x08004808   0x08004808   0x00000078   Code   RO         1881    i.HAL_I2C_Slave_Seq_Transmit_IT  stm32f1xx_hal_i2c.o
    0x08004880   0x08004880   0x00000010   Code   RO          852    i.HAL_IncTick       stm32f1xx_hal.o
    0x08004890   0x08004890   0x00000024   Code   RO          853    i.HAL_Init          stm32f1xx_hal.o
    0x080048b4   0x080048b4   0x00000044   Code   RO          854    i.HAL_InitTick      stm32f1xx_hal.o
    0x080048f8   0x080048f8   0x0000003c   Code   RO          499    i.HAL_MspInit       stm32f1xx_hal_msp.o
    0x08004934   0x08004934   0x00000022   Code   RO         1314    i.HAL_NVIC_DisableIRQ  stm32f1xx_hal_cortex.o
    0x08004956   0x08004956   0x0000001a   Code   RO         1315    i.HAL_NVIC_EnableIRQ  stm32f1xx_hal_cortex.o
    0x08004970   0x08004970   0x00000040   Code   RO         1321    i.HAL_NVIC_SetPriority  stm32f1xx_hal_cortex.o
    0x080049b0   0x080049b0   0x00000024   Code   RO         1322    i.HAL_NVIC_SetPriorityGrouping  stm32f1xx_hal_cortex.o
    0x080049d4   0x080049d4   0x000000d0   Code   RO         1117    i.HAL_RCCEx_GetPeriphCLKFreq  stm32f1xx_hal_rcc_ex.o
    0x08004aa4   0x08004aa4   0x0000010c   Code   RO         1118    i.HAL_RCCEx_PeriphCLKConfig  stm32f1xx_hal_rcc_ex.o
    0x08004bb0   0x08004bb0   0x00000002   Code   RO         1009    i.HAL_RCC_CSSCallback  stm32f1xx_hal_rcc.o
    0x08004bb2   0x08004bb2   0x00000002   PAD
    0x08004bb4   0x08004bb4   0x00000154   Code   RO         1010    i.HAL_RCC_ClockConfig  stm32f1xx_hal_rcc.o
    0x08004d08   0x08004d08   0x0000000c   Code   RO         1013    i.HAL_RCC_EnableCSS  stm32f1xx_hal_rcc.o
    0x08004d14   0x08004d14   0x0000000c   Code   RO         1015    i.HAL_RCC_GetHCLKFreq  stm32f1xx_hal_rcc.o
    0x08004d20   0x08004d20   0x00000020   Code   RO         1017    i.HAL_RCC_GetPCLK1Freq  stm32f1xx_hal_rcc.o
    0x08004d40   0x08004d40   0x00000020   Code   RO         1018    i.HAL_RCC_GetPCLK2Freq  stm32f1xx_hal_rcc.o
    0x08004d60   0x08004d60   0x00000074   Code   RO         1019    i.HAL_RCC_GetSysClockFreq  stm32f1xx_hal_rcc.o
    0x08004dd4   0x08004dd4   0x00000018   Code   RO         1021    i.HAL_RCC_NMI_IRQHandler  stm32f1xx_hal_rcc.o
    0x08004dec   0x08004dec   0x00000384   Code   RO         1022    i.HAL_RCC_OscConfig  stm32f1xx_hal_rcc.o
    0x08005170   0x08005170   0x00000028   Code   RO         1326    i.HAL_SYSTICK_Config  stm32f1xx_hal_cortex.o
    0x08005198   0x08005198   0x00000054   Code   RO         3028    i.HAL_TIMEx_ConfigBreakDeadTime  stm32f1xx_hal_tim_ex.o
    0x080051ec   0x080051ec   0x00000068   Code   RO         3044    i.HAL_TIMEx_MasterConfigSynchronization  stm32f1xx_hal_tim_ex.o
    0x08005254   0x08005254   0x0000004c   Code   RO          311    i.HAL_TIM_MspPostInit  tim.o
    0x080052a0   0x080052a0   0x000000d2   Code   RO         2382    i.HAL_TIM_PWM_ConfigChannel  stm32f1xx_hal_tim.o
    0x08005372   0x08005372   0x0000004a   Code   RO         2385    i.HAL_TIM_PWM_Init  stm32f1xx_hal_tim.o
    0x080053bc   0x080053bc   0x00000028   Code   RO          313    i.HAL_TIM_PWM_MspInit  tim.o
    0x080053e4   0x080053e4   0x000000ac   Code   RO         2390    i.HAL_TIM_PWM_Start  stm32f1xx_hal_tim.o
    0x08005490   0x08005490   0x00000064   Code   RO         3321    i.HAL_UART_Init     stm32f1xx_hal_uart.o
    0x080054f4   0x080054f4   0x00000080   Code   RO          360    i.HAL_UART_MspInit  usart.o
    0x08005574   0x08005574   0x00000002   Code   RO          413    i.HardFault_Handler  stm32f1xx_it.o
    0x08005576   0x08005576   0x00000002   PAD
    0x08005578   0x08005578   0x0000000c   Code   RO          414    i.I2C1_ER_IRQHandler  stm32f1xx_it.o
    0x08005584   0x08005584   0x0000000c   Code   RO          415    i.I2C1_EV_IRQHandler  stm32f1xx_it.o
    0x08005590   0x08005590   0x0000001c   Code   RO         1885    i.I2C_ConvertOtherXferOptions  stm32f1xx_hal_i2c.o
    0x080055ac   0x080055ac   0x000000bc   Code   RO         1886    i.I2C_DMAAbort      stm32f1xx_hal_i2c.o
    0x08005668   0x08005668   0x0000015c   Code   RO         1889    i.I2C_ITError       stm32f1xx_hal_i2c.o
    0x080057c4   0x080057c4   0x00000100   Code   RO         1891    i.I2C_MasterReceive_BTF  stm32f1xx_hal_i2c.o
    0x080058c4   0x080058c4   0x000000d2   Code   RO         1892    i.I2C_MasterReceive_RXNE  stm32f1xx_hal_i2c.o
    0x08005996   0x08005996   0x0000008a   Code   RO         1895    i.I2C_MasterTransmit_BTF  stm32f1xx_hal_i2c.o
    0x08005a20   0x08005a20   0x000000be   Code   RO         1896    i.I2C_MasterTransmit_TXE  stm32f1xx_hal_i2c.o
    0x08005ade   0x08005ade   0x0000002a   Code   RO         1897    i.I2C_Master_ADD10  stm32f1xx_hal_i2c.o
    0x08005b08   0x08005b08   0x00000198   Code   RO         1898    i.I2C_Master_ADDR   stm32f1xx_hal_i2c.o
    0x08005ca0   0x08005ca0   0x000000a0   Code   RO         1899    i.I2C_Master_SB     stm32f1xx_hal_i2c.o
    0x08005d40   0x08005d40   0x000000b6   Code   RO         1900    i.I2C_MemoryTransmit_TXE_BTF  stm32f1xx_hal_i2c.o
    0x08005df6   0x08005df6   0x0000001c   Code   RO         1903    i.I2C_SlaveReceive_BTF  stm32f1xx_hal_i2c.o
    0x08005e12   0x08005e12   0x00000044   Code   RO         1904    i.I2C_SlaveReceive_RXNE  stm32f1xx_hal_i2c.o
    0x08005e56   0x08005e56   0x0000001c   Code   RO         1905    i.I2C_SlaveTransmit_BTF  stm32f1xx_hal_i2c.o
    0x08005e72   0x08005e72   0x00000044   Code   RO         1906    i.I2C_SlaveTransmit_TXE  stm32f1xx_hal_i2c.o
    0x08005eb6   0x08005eb6   0x00000048   Code   RO         1907    i.I2C_Slave_ADDR    stm32f1xx_hal_i2c.o
    0x08005efe   0x08005efe   0x00000002   PAD
    0x08005f00   0x08005f00   0x00000084   Code   RO         1908    i.I2C_Slave_AF      stm32f1xx_hal_i2c.o
    0x08005f84   0x08005f84   0x0000005c   Code   RO         3878    i.I2C_Slave_Forced_UP  protocol .o
    0x08005fe0   0x08005fe0   0x00000024   Code   RO         3879    i.I2C_Slave_Rest    protocol .o
    0x08006004   0x08006004   0x00000160   Code   RO         1909    i.I2C_Slave_STOPF   stm32f1xx_hal_i2c.o
    0x08006164   0x08006164   0x0000003c   Code   RO         1915    i.I2C_WaitOnSTOPRequestThroughIT  stm32f1xx_hal_i2c.o
    0x080061a0   0x080061a0   0x000000ac   Code   RO         3778    i.KeyControl        control.o
    0x0800624c   0x0800624c   0x00000006   Code   RO         3697    i.LED_Init          led.o
    0x08006252   0x08006252   0x00000002   PAD
    0x08006254   0x08006254   0x00000038   Code   RO         3749    i.LED_RBG_SET       led_rgb.o
    0x0800628c   0x0800628c   0x0000008c   Code   RO         3698    i.LED_Run           led.o
    0x08006318   0x08006318   0x00000030   Code   RO         3699    i.LED_SET_ALL       led.o
    0x08006348   0x08006348   0x000000b4   Code   RO          201    i.MX_ADC1_Init      adc.o
    0x080063fc   0x080063fc   0x0000001c   Code   RO          241    i.MX_DMA_Init       dma.o
    0x08006418   0x08006418   0x000000ac   Code   RO          175    i.MX_GPIO_Init      gpio.o
    0x080064c4   0x080064c4   0x00000054   Code   RO          267    i.MX_I2C1_Init      i2c.o
    0x08006518   0x08006518   0x000000c0   Code   RO          314    i.MX_TIM1_Init      tim.o
    0x080065d8   0x080065d8   0x00000038   Code   RO          361    i.MX_USART1_UART_Init  usart.o
    0x08006610   0x08006610   0x00000002   Code   RO          416    i.MemManage_Handler  stm32f1xx_it.o
    0x08006612   0x08006612   0x00000006   Code   RO          417    i.NMI_Handler       stm32f1xx_it.o
    0x08006618   0x08006618   0x00000002   Code   RO          418    i.PendSV_Handler    stm32f1xx_it.o
    0x0800661a   0x0800661a   0x00000002   PAD
    0x0800661c   0x0800661c   0x00000024   Code   RO         1023    i.RCC_Delay         stm32f1xx_hal_rcc.o
    0x08006640   0x08006640   0x00000002   Code   RO          419    i.SVC_Handler       stm32f1xx_it.o
    0x08006642   0x08006642   0x00000002   PAD
    0x08006644   0x08006644   0x0000002c   Code   RO         3880    i.ServerI2C_Init    protocol .o
    0x08006670   0x08006670   0x00000004   Code   RO          420    i.SysTick_Handler   stm32f1xx_it.o
    0x08006674   0x08006674   0x0000007c   Code   RO           14    i.SystemClock_Config  main.o
    0x080066f0   0x080066f0   0x00000002   Code   RO         3660    i.SystemInit        system_stm32f1xx.o
    0x080066f2   0x080066f2   0x00000002   PAD
    0x080066f4   0x080066f4   0x0000006c   Code   RO         2403    i.TIM_Base_SetConfig  stm32f1xx_hal_tim.o
    0x08006760   0x08006760   0x0000001a   Code   RO         2404    i.TIM_CCxChannelCmd  stm32f1xx_hal_tim.o
    0x0800677a   0x0800677a   0x00000002   PAD
    0x0800677c   0x0800677c   0x00000060   Code   RO         2416    i.TIM_OC1_SetConfig  stm32f1xx_hal_tim.o
    0x080067dc   0x080067dc   0x00000064   Code   RO         2417    i.TIM_OC2_SetConfig  stm32f1xx_hal_tim.o
    0x08006840   0x08006840   0x00000060   Code   RO         2418    i.TIM_OC3_SetConfig  stm32f1xx_hal_tim.o
    0x080068a0   0x080068a0   0x00000048   Code   RO         2419    i.TIM_OC4_SetConfig  stm32f1xx_hal_tim.o
    0x080068e8   0x080068e8   0x00000038   Code   RO         3779    i.TXTragetBuf_Select  control.o
    0x08006920   0x08006920   0x000000b8   Code   RO         3348    i.UART_SetConfig    stm32f1xx_hal_uart.o
    0x080069d8   0x080069d8   0x00000002   Code   RO          421    i.UsageFault_Handler  stm32f1xx_it.o
    0x080069da   0x080069da   0x00000020   Code   RO         1328    i.__NVIC_SetPriority  stm32f1xx_hal_cortex.o
    0x080069fa   0x080069fa   0x0000000e   Code   RO         4212    i.__scatterload_copy  mc_w.l(handlers.o)
    0x08006a08   0x08006a08   0x00000002   Code   RO         4213    i.__scatterload_null  mc_w.l(handlers.o)
    0x08006a0a   0x08006a0a   0x0000000e   Code   RO         4214    i.__scatterload_zeroinit  mc_w.l(handlers.o)
    0x08006a18   0x08006a18   0x00000030   Code   RO         4133    i.color_Bin         binval.o
    0x08006a48   0x08006a48   0x000000a0   Code   RO         4077    i.color_Grayscale   grayscale.o
    0x08006ae8   0x08006ae8   0x00000002   Code   RO         4030    i.color_init        color.o
    0x08006aea   0x08006aea   0x00000002   PAD
    0x08006aec   0x08006aec   0x00000028   Code   RO         3780    i.control_iic_rx_CpltCallback  control.o
    0x08006b14   0x08006b14   0x00000002   Code   RO         3781    i.control_iic_tx_CpltCallback  control.o
    0x08006b16   0x08006b16   0x00000002   PAD
    0x08006b18   0x08006b18   0x00000024   Code   RO         3986    i.flash_Init        flash.o
    0x08006b3c   0x08006b3c   0x0000002a   Code   RO         4031    i.getColorOffset    color.o
    0x08006b66   0x08006b66   0x00000002   PAD
    0x08006b68   0x08006b68   0x00000008   Code   RO         3987    i.get_flash_buf     flash.o
    0x08006b70   0x08006b70   0x00000012   Code   RO         3782    i.loop              control.o
    0x08006b82   0x08006b82   0x000000e2   Code   RO         3951    i.lv_color_rgb_to_hsv  hsv.o
    0x08006c64   0x08006c64   0x0000002a   Code   RO           15    i.main              main.o
    0x08006c8e   0x08006c8e   0x00000002   PAD
    0x08006c90   0x08006c90   0x000000cc   Code   RO         3952    i.rgb2hsv           hsv.o
    0x08006d5c   0x08006d5c   0x00000014   Code   RO         3783    i.setLinght         control.o
    0x08006d70   0x08006d70   0x00000064   Code   RO         3784    i.setup             control.o
    0x08006dd4   0x08006dd4   0x00000008   Code   RO         4134    i.study_BinVal      binval.o
    0x08006ddc   0x08006ddc   0x00000104   Code   RO         4078    i.study_Grayscale   grayscale.o
    0x08006ee0   0x08006ee0   0x0000000c   Code   RO         3988    i.updata_flash      flash.o
    0x08006eec   0x08006eec   0x00000054   Code   RO         3989    i.updata_flash_data  flash.o
    0x08006f40   0x08006f40   0x00000040   Code   RO         4079    i.update_Grayscale_flashdata  grayscale.o
    0x08006f80   0x08006f80   0x00000010   Data   RO         3661    .constdata          system_stm32f1xx.o
    0x08006f90   0x08006f90   0x00000008   Data   RO         3662    .constdata          system_stm32f1xx.o
    0x08006f98   0x08006f98   0x00000030   Data   RO         3700    .constdata          led.o
    0x08006fc8   0x08006fc8   0x00000004   Data   RO         3881    .constdata          protocol .o
    0x08006fcc   0x08006fcc   0x00000018   Data   RO         4033    .constdata          color.o
    0x08006fe4   0x08006fe4   0x00000020   Data   RO         4210    Region$$Table       anon$$obj.o


    Execution Region RW_IRAM1 (Exec base: 0x20000000, Load base: 0x08007004, Size: 0x00000760, Max: 0x00005000, ABSOLUTE)

    Exec Addr    Load Addr    Size         Type   Attr      Idx    E Section Name        Object

    0x20000000   0x08007004   0x0000000c   Data   RW          860    .data               stm32f1xx_hal.o
    0x2000000c   0x08007010   0x00000004   Data   RW         3663    .data               system_stm32f1xx.o
    0x20000010   0x08007014   0x00000010   Data   RW         3788    .data               control.o
    0x20000020   0x08007024   0x00000001   Data   RW         3882    .data               protocol .o
    0x20000021   0x08007025   0x00000003   Data   RW         4034    .data               color.o
    0x20000024   0x08007028   0x00000006   Data   RW         4035    .data               color.o
    0x2000002a   0x0800702e   0x00000004   Data   RW         4081    .data               grayscale.o
    0x2000002e   0x08007032   0x00000002   PAD
    0x20000030   0x08007034   0x00000050   Data   RW         4082    .data               grayscale.o
    0x20000080   0x08007084   0x00000002   Data   RW         4135    .data               binval.o
    0x20000082   0x08007086   0x00000006   Data   RW         4136    .data               binval.o
    0x20000088        -       0x00000074   Zero   RW          202    .bss                adc.o
    0x200000fc        -       0x00000054   Zero   RW          268    .bss                i2c.o
    0x20000150        -       0x00000048   Zero   RW          315    .bss                tim.o
    0x20000198        -       0x00000044   Zero   RW          363    .bss                usart.o
    0x200001dc   0x0800708c   0x00000004   PAD
    0x200001e0        -       0x00000020   Zero   RW         1569    .bss                stm32f1xx_hal_flash.o
    0x20000200        -       0x00000018   Zero   RW         3785    .bss                control.o
    0x20000218        -       0x00000012   Zero   RW         3786    .bss                control.o
    0x2000022a   0x0800708c   0x00000002   PAD
    0x2000022c        -       0x00000018   Zero   RW         3787    .bss                control.o
    0x20000244        -       0x000000c8   Zero   RW         3990    .bss                flash.o
    0x2000030c        -       0x00000048   Zero   RW         4032    .bss                color.o
    0x20000354        -       0x0000000c   Zero   RW         4080    .bss                grayscale.o
    0x20000360        -       0x00000400   Zero   RW            1    STACK               startup_stm32f103xb.o


==============================================================================

Image component sizes


      Code (inc. data)   RO Data    RW Data    ZI Data      Debug   Object Name

       324         30          0          0        116       1843   adc.o
        58          8          0          8          0       2514   binval.o
       204         16         24          9         72       3459   color.o
       572         86          0         16         66       6648   control.o
        28          6          0          0          0        750   dma.o
       140         22          0          0        200       2592   flash.o
       172         14          0          0          0        947   gpio.o
       544         40          0         84         12       4284   grayscale.o
       430         12          0          0          0       2024   hsv.o
       296         48          0          0         84       2341   i2c.o
       194         22         48          0          0       2459   led.o
        56          6          0          0          0        534   led_rgb.o
       170          0          0          0          0     463316   main.o
       232         30          4          1          0       4932   protocol .o
        36          8        236          0       1024        800   startup_stm32f103xb.o
       168         28          0         12          0       5945   stm32f1xx_hal.o
      1168         54          0          0          0       8494   stm32f1xx_hal_adc.o
       244          6          0          0          0       1494   stm32f1xx_hal_adc_ex.o
       232         14          0          0          0      29749   stm32f1xx_hal_cortex.o
       418         14          0          0          0       3892   stm32f1xx_hal_dma.o
       404         46          0          0         32       4338   stm32f1xx_hal_flash.o
       240         28          0          0          0       2579   stm32f1xx_hal_flash_ex.o
       756         56          0          0          0       4465   stm32f1xx_hal_gpio.o
      4332         56          0          0          0      25435   stm32f1xx_hal_i2c.o
        60          8          0          0          0        906   stm32f1xx_hal_msp.o
      1506        114          0          0          0       8255   stm32f1xx_hal_rcc.o
       476         44          0          0          0       2669   stm32f1xx_hal_rcc_ex.o
       954         46          0          0          0       7288   stm32f1xx_hal_tim.o
       188         14          0          0          0       2164   stm32f1xx_hal_tim_ex.o
       284          6          0          0          0       1760   stm32f1xx_hal_uart.o
        48         12          0          0          0       4836   stm32f1xx_it.o
         2          0         24          4          0       1143   system_stm32f1xx.o
       308         32          0          0         72       2359   tim.o
       184         24          0          0         68       1810   usart.o

    ----------------------------------------------------------------------
     15462        950        368        136       1752     619024   Object Totals
         0          0         32          0          0          0   (incl. Generated)
        34          0          0          2          6          0   (incl. Padding)

    ----------------------------------------------------------------------

      Code (inc. data)   RO Data    RW Data    ZI Data      Debug   Library Member Name

         0          0          0          0          0          0   entry.o
         0          0          0          0          0          0   entry10a.o
         0          0          0          0          0          0   entry11a.o
         8          4          0          0          0          0   entry2.o
         4          0          0          0          0          0   entry5.o
         0          0          0          0          0          0   entry7b.o
         0          0          0          0          0          0   entry8b.o
         8          4          0          0          0          0   entry9a.o
        30          0          0          0          0          0   handlers.o
        36          8          0          0          0         68   init.o
         0          0          0          0          0          0   iusefp.o
        32          0          0          0          0         68   llushr.o
        36          0          0          0          0        108   memseta.o
       124          0          0          0          0         88   fdiv.o
       110          0          0          0          0        168   fepilogue.o
        50          0          0          0          0         68   ffixi.o
        18          0          0          0          0         68   fflti.o
       100          0          0          0          0         76   fmul.o

    ----------------------------------------------------------------------
       558         16          0          0          0        712   Library Totals
         2          0          0          0          0          0   (incl. Padding)

    ----------------------------------------------------------------------

      Code (inc. data)   RO Data    RW Data    ZI Data      Debug   Library Name

       154         16          0          0          0        244   mc_w.l
       402          0          0          0          0        468   mf_w.l

    ----------------------------------------------------------------------
       558         16          0          0          0        712   Library Totals

    ----------------------------------------------------------------------

==============================================================================


      Code (inc. data)   RO Data    RW Data    ZI Data      Debug   

     16020        966        368        136       1752     611516   Grand Totals
     16020        966        368        136       1752     611516   ELF Image Totals
     16020        966        368        136          0          0   ROM Totals

==============================================================================

    Total RO  Size (Code + RO Data)                16388 (  16.00kB)
    Total RW  Size (RW Data + ZI Data)              1888 (   1.84kB)
    Total ROM Size (Code + RO Data + RW Data)      16524 (  16.14kB)

==============================================================================

